#
# There is insufficient memory for the Java Runtime Environment to continue.
# Native memory allocation (malloc) failed to allocate 324176 bytes for Chunk::new
# Possible reasons:
#   The system is out of physical RAM or swap space
#   The process is running with CompressedOops enabled, and the Java Heap may be blocking the growth of the native heap
# Possible solutions:
#   Reduce memory load on the system
#   Increase physical memory or swap space
#   Check if swap backing store is full
#   Decrease Java heap size (-Xmx/-Xms)
#   Decrease number of Java threads
#   Decrease Java thread stack sizes (-Xss)
#   Set larger code cache with -XX:ReservedCodeCacheSize=
#   JVM is running with Unscaled Compressed Oops mode in which the Java heap is
#     placed in the first 4GB address space. The Java Heap base address is the
#     maximum limit for the native heap growth. Please use -XX:HeapBaseMinAddress
#     to set the Java Heap base and to place the Java Heap above 4GB virtual address.
# This output file may be truncated or incomplete.
#
#  Out of Memory Error (arena.cpp:168), pid=21004, tid=9436
#
# JRE version: Java(TM) SE Runtime Environment (21.0.8+12) (build 21.0.8+12-LTS-250)
# Java VM: Java HotSpot(TM) 64-Bit Server VM (21.0.8+12-LTS-250, mixed mode, sharing, tiered, compressed oops, compressed class ptrs, g1 gc, windows-amd64)
# No core dump will be written. Minidumps are not enabled by default on client versions of Windows
#

---------------  S U M M A R Y ------------

Command Line: -DwatchParentProcess=false -XX:+ExitOnOutOfMemoryError -XX:+HeapDumpOnOutOfMemoryError -XX:HeapDumpPath=c:\Users\Pc\AppData\Roaming\Code\User\globalStorage\redhat.vscode-xml -Xmx64M org.eclipse.lemminx.XMLServerLauncher

Host: Intel(R) Core(TM) i5-8365U CPU @ 1.60GHz, 8 cores, 15G,  Windows 11 , 64 bit Build 26100 (10.0.26100.7920)
Time: Sat Mar 14 14:04:04 2026 Maroc elapsed time: 2.081479 seconds (0d 0h 0m 2s)

---------------  T H R E A D  ---------------

Current thread (0x000001fd55228890):  JavaThread "C2 CompilerThread0" daemon [_thread_in_native, id=9436, stack(0x00000058cc400000,0x00000058cc500000) (1024K)]


Current CompileTask:
C2:   2081 1198 % !   4       java.util.concurrent.ConcurrentHashMap::transfer @ 96 (849 bytes)

Stack: [0x00000058cc400000,0x00000058cc500000]
Native frames: (J=compiled Java code, j=interpreted, Vv=VM code, C=native code)
V  [jvm.dll+0x6cc179]
V  [jvm.dll+0x8584c1]
V  [jvm.dll+0x85a9ee]
V  [jvm.dll+0x85b0c3]
V  [jvm.dll+0x27ebf6]
V  [jvm.dll+0xc4f4d]
V  [jvm.dll+0xc5483]
V  [jvm.dll+0x3b6a82]
V  [jvm.dll+0x382a35]
V  [jvm.dll+0x381eaa]
V  [jvm.dll+0x247670]
V  [jvm.dll+0x246c4f]
V  [jvm.dll+0x1c7a3e]
V  [jvm.dll+0x256359]
V  [jvm.dll+0x2548ea]
V  [jvm.dll+0x3efef6]
V  [jvm.dll+0x80279b]
V  [jvm.dll+0x6ca85d]
C  [ucrtbase.dll+0x37b0]
C  [KERNEL32.DLL+0x2e8d7]
C  [ntdll.dll+0x8c48c]


---------------  P R O C E S S  ---------------

Threads class SMR info:
_java_thread_list=0x000001fd557985e0, length=12, elements={
0x000001fd55217960, 0x000001fd55219ec0, 0x000001fd552201f0, 0x000001fd55222fb0,
0x000001fd55224720, 0x000001fd55226630, 0x000001fd55228890, 0x000001fd5522e650,
0x000001fd554f8c20, 0x000001fd5550b890, 0x000001fd55799f90, 0x000001fd38ea07a0
}

Java Threads: ( => current thread )
  0x000001fd55217960 JavaThread "Reference Handler"          daemon [_thread_blocked, id=5836, stack(0x00000058cbe00000,0x00000058cbf00000) (1024K)]
  0x000001fd55219ec0 JavaThread "Finalizer"                  daemon [_thread_blocked, id=20176, stack(0x00000058cbf00000,0x00000058cc000000) (1024K)]
  0x000001fd552201f0 JavaThread "Signal Dispatcher"          daemon [_thread_blocked, id=5200, stack(0x00000058cc000000,0x00000058cc100000) (1024K)]
  0x000001fd55222fb0 JavaThread "Attach Listener"            daemon [_thread_blocked, id=360, stack(0x00000058cc100000,0x00000058cc200000) (1024K)]
  0x000001fd55224720 JavaThread "Service Thread"             daemon [_thread_blocked, id=2692, stack(0x00000058cc200000,0x00000058cc300000) (1024K)]
  0x000001fd55226630 JavaThread "Monitor Deflation Thread"   daemon [_thread_blocked, id=21112, stack(0x00000058cc300000,0x00000058cc400000) (1024K)]
=>0x000001fd55228890 JavaThread "C2 CompilerThread0"         daemon [_thread_in_native, id=9436, stack(0x00000058cc400000,0x00000058cc500000) (1024K)]
  0x000001fd5522e650 JavaThread "C1 CompilerThread0"         daemon [_thread_blocked, id=11084, stack(0x00000058cc500000,0x00000058cc600000) (1024K)]
  0x000001fd554f8c20 JavaThread "Notification Thread"        daemon [_thread_blocked, id=10448, stack(0x00000058cc600000,0x00000058cc700000) (1024K)]
  0x000001fd5550b890 JavaThread "Common-Cleaner"             daemon [_thread_blocked, id=6680, stack(0x00000058cc700000,0x00000058cc800000) (1024K)]
  0x000001fd55799f90 JavaThread "pool-4-thread-1"                   [_thread_in_Java, id=14548, stack(0x00000058cc800000,0x00000058cc900000) (1024K)]
  0x000001fd38ea07a0 JavaThread "DestroyJavaVM"                     [_thread_blocked, id=8020, stack(0x00000058cb600000,0x00000058cb700000) (1024K)]
Total: 12

Other Threads:
  0x000001fd390cd2d0 VMThread "VM Thread"                           [id=4840, stack(0x00000058cbd00000,0x00000058cbe00000) (1024K)]
  0x000001fd5520bc20 WatcherThread "VM Periodic Task Thread"        [id=20840, stack(0x00000058cbc00000,0x00000058cbd00000) (1024K)]
  0x000001fd39039720 WorkerThread "GC Thread#0"                     [id=21844, stack(0x00000058cb700000,0x00000058cb800000) (1024K)]
  0x000001fd3903af00 ConcurrentGCThread "G1 Main Marker"            [id=12148, stack(0x00000058cb800000,0x00000058cb900000) (1024K)]
  0x000001fd3903ba00 WorkerThread "G1 Conc#0"                       [id=21144, stack(0x00000058cb900000,0x00000058cba00000) (1024K)]
  0x000001fd390a5070 ConcurrentGCThread "G1 Refine#0"               [id=18244, stack(0x00000058cba00000,0x00000058cbb00000) (1024K)]
  0x000001fd390a5be0 ConcurrentGCThread "G1 Service"                [id=9368, stack(0x00000058cbb00000,0x00000058cbc00000) (1024K)]
Total: 7

Threads with active compile tasks:
C2 CompilerThread0     2134 1198 % !   4       java.util.concurrent.ConcurrentHashMap::transfer @ 96 (849 bytes)
Total: 1

VM state: not at safepoint (normal execution)

VM Mutex/Monitor currently owned by a thread: None

Heap address: 0x00000000fc000000, size: 64 MB, Compressed Oops mode: 32-bit

CDS archive(s) mapped at: [0x000001fd56000000-0x000001fd56c90000-0x000001fd56c90000), size 13172736, SharedBaseAddress: 0x000001fd56000000, ArchiveRelocationMode: 1.
Compressed class space mapped at: 0x000001fd57000000-0x000001fd97000000, reserved size: 1073741824
Narrow klass base: 0x000001fd56000000, Narrow klass shift: 0, Narrow klass range: 0x100000000

GC Precious Log:
 CardTable entry size: 512
 Card Set container configuration: InlinePtr #cards 5 size 8 Array Of Cards #cards 12 size 40 Howl #buckets 4 coarsen threshold 1843 Howl Bitmap #cards 512 size 80 coarsen threshold 460 Card regions per heap region 1 cards per card region 2048
 CPUs: 8 total, 8 available
 Memory: 16198M
 Large Page Support: Disabled
 NUMA Support: Disabled
 Compressed Oops: Enabled (32-bit)
 Heap Region Size: 1M
 Heap Min Capacity: 8M
 Heap Initial Capacity: 64M
 Heap Max Capacity: 64M
 Pre-touch: Disabled
 Parallel Workers: 8
 Concurrent Workers: 2
 Concurrent Refinement Workers: 8
 Periodic GC: Disabled

Heap:
 garbage-first heap   total 65536K, used 16384K [0x00000000fc000000, 0x0000000100000000)
  region size 1024K, 16 young (16384K), 0 survivors (0K)
 Metaspace       used 5674K, committed 5888K, reserved 1114112K
  class space    used 641K, committed 768K, reserved 1048576K

Heap Regions: E=young(eden), S=young(survivor), O=old, HS=humongous(starts), HC=humongous(continues), CS=collection set, F=free, TAMS=top-at-mark-start, PB=parsable bottom
|   0|0x00000000fc000000, 0x00000000fc100000, 0x00000000fc100000|100%|HS|  |TAMS 0x00000000fc000000| PB 0x00000000fc000000| Complete 
|   1|0x00000000fc100000, 0x00000000fc100000, 0x00000000fc200000|  0%| F|  |TAMS 0x00000000fc100000| PB 0x00000000fc100000| Untracked 
|   2|0x00000000fc200000, 0x00000000fc200000, 0x00000000fc300000|  0%| F|  |TAMS 0x00000000fc200000| PB 0x00000000fc200000| Untracked 
|   3|0x00000000fc300000, 0x00000000fc300000, 0x00000000fc400000|  0%| F|  |TAMS 0x00000000fc300000| PB 0x00000000fc300000| Untracked 
|   4|0x00000000fc400000, 0x00000000fc400000, 0x00000000fc500000|  0%| F|  |TAMS 0x00000000fc400000| PB 0x00000000fc400000| Untracked 
|   5|0x00000000fc500000, 0x00000000fc500000, 0x00000000fc600000|  0%| F|  |TAMS 0x00000000fc500000| PB 0x00000000fc500000| Untracked 
|   6|0x00000000fc600000, 0x00000000fc600000, 0x00000000fc700000|  0%| F|  |TAMS 0x00000000fc600000| PB 0x00000000fc600000| Untracked 
|   7|0x00000000fc700000, 0x00000000fc700000, 0x00000000fc800000|  0%| F|  |TAMS 0x00000000fc700000| PB 0x00000000fc700000| Untracked 
|   8|0x00000000fc800000, 0x00000000fc800000, 0x00000000fc900000|  0%| F|  |TAMS 0x00000000fc800000| PB 0x00000000fc800000| Untracked 
|   9|0x00000000fc900000, 0x00000000fc900000, 0x00000000fca00000|  0%| F|  |TAMS 0x00000000fc900000| PB 0x00000000fc900000| Untracked 
|  10|0x00000000fca00000, 0x00000000fca00000, 0x00000000fcb00000|  0%| F|  |TAMS 0x00000000fca00000| PB 0x00000000fca00000| Untracked 
|  11|0x00000000fcb00000, 0x00000000fcb00000, 0x00000000fcc00000|  0%| F|  |TAMS 0x00000000fcb00000| PB 0x00000000fcb00000| Untracked 
|  12|0x00000000fcc00000, 0x00000000fcc00000, 0x00000000fcd00000|  0%| F|  |TAMS 0x00000000fcc00000| PB 0x00000000fcc00000| Untracked 
|  13|0x00000000fcd00000, 0x00000000fcd00000, 0x00000000fce00000|  0%| F|  |TAMS 0x00000000fcd00000| PB 0x00000000fcd00000| Untracked 
|  14|0x00000000fce00000, 0x00000000fce00000, 0x00000000fcf00000|  0%| F|  |TAMS 0x00000000fce00000| PB 0x00000000fce00000| Untracked 
|  15|0x00000000fcf00000, 0x00000000fcf00000, 0x00000000fd000000|  0%| F|  |TAMS 0x00000000fcf00000| PB 0x00000000fcf00000| Untracked 
|  16|0x00000000fd000000, 0x00000000fd000000, 0x00000000fd100000|  0%| F|  |TAMS 0x00000000fd000000| PB 0x00000000fd000000| Untracked 
|  17|0x00000000fd100000, 0x00000000fd100000, 0x00000000fd200000|  0%| F|  |TAMS 0x00000000fd100000| PB 0x00000000fd100000| Untracked 
|  18|0x00000000fd200000, 0x00000000fd200000, 0x00000000fd300000|  0%| F|  |TAMS 0x00000000fd200000| PB 0x00000000fd200000| Untracked 
|  19|0x00000000fd300000, 0x00000000fd300000, 0x00000000fd400000|  0%| F|  |TAMS 0x00000000fd300000| PB 0x00000000fd300000| Untracked 
|  20|0x00000000fd400000, 0x00000000fd400000, 0x00000000fd500000|  0%| F|  |TAMS 0x00000000fd400000| PB 0x00000000fd400000| Untracked 
|  21|0x00000000fd500000, 0x00000000fd500000, 0x00000000fd600000|  0%| F|  |TAMS 0x00000000fd500000| PB 0x00000000fd500000| Untracked 
|  22|0x00000000fd600000, 0x00000000fd600000, 0x00000000fd700000|  0%| F|  |TAMS 0x00000000fd600000| PB 0x00000000fd600000| Untracked 
|  23|0x00000000fd700000, 0x00000000fd700000, 0x00000000fd800000|  0%| F|  |TAMS 0x00000000fd700000| PB 0x00000000fd700000| Untracked 
|  24|0x00000000fd800000, 0x00000000fd800000, 0x00000000fd900000|  0%| F|  |TAMS 0x00000000fd800000| PB 0x00000000fd800000| Untracked 
|  25|0x00000000fd900000, 0x00000000fd900000, 0x00000000fda00000|  0%| F|  |TAMS 0x00000000fd900000| PB 0x00000000fd900000| Untracked 
|  26|0x00000000fda00000, 0x00000000fda00000, 0x00000000fdb00000|  0%| F|  |TAMS 0x00000000fda00000| PB 0x00000000fda00000| Untracked 
|  27|0x00000000fdb00000, 0x00000000fdb00000, 0x00000000fdc00000|  0%| F|  |TAMS 0x00000000fdb00000| PB 0x00000000fdb00000| Untracked 
|  28|0x00000000fdc00000, 0x00000000fdc00000, 0x00000000fdd00000|  0%| F|  |TAMS 0x00000000fdc00000| PB 0x00000000fdc00000| Untracked 
|  29|0x00000000fdd00000, 0x00000000fdd00000, 0x00000000fde00000|  0%| F|  |TAMS 0x00000000fdd00000| PB 0x00000000fdd00000| Untracked 
|  30|0x00000000fde00000, 0x00000000fde00000, 0x00000000fdf00000|  0%| F|  |TAMS 0x00000000fde00000| PB 0x00000000fde00000| Untracked 
|  31|0x00000000fdf00000, 0x00000000fdf00000, 0x00000000fe000000|  0%| F|  |TAMS 0x00000000fdf00000| PB 0x00000000fdf00000| Untracked 
|  32|0x00000000fe000000, 0x00000000fe000000, 0x00000000fe100000|  0%| F|  |TAMS 0x00000000fe000000| PB 0x00000000fe000000| Untracked 
|  33|0x00000000fe100000, 0x00000000fe100000, 0x00000000fe200000|  0%| F|  |TAMS 0x00000000fe100000| PB 0x00000000fe100000| Untracked 
|  34|0x00000000fe200000, 0x00000000fe200000, 0x00000000fe300000|  0%| F|  |TAMS 0x00000000fe200000| PB 0x00000000fe200000| Untracked 
|  35|0x00000000fe300000, 0x00000000fe300000, 0x00000000fe400000|  0%| F|  |TAMS 0x00000000fe300000| PB 0x00000000fe300000| Untracked 
|  36|0x00000000fe400000, 0x00000000fe400000, 0x00000000fe500000|  0%| F|  |TAMS 0x00000000fe400000| PB 0x00000000fe400000| Untracked 
|  37|0x00000000fe500000, 0x00000000fe500000, 0x00000000fe600000|  0%| F|  |TAMS 0x00000000fe500000| PB 0x00000000fe500000| Untracked 
|  38|0x00000000fe600000, 0x00000000fe600000, 0x00000000fe700000|  0%| F|  |TAMS 0x00000000fe600000| PB 0x00000000fe600000| Untracked 
|  39|0x00000000fe700000, 0x00000000fe700000, 0x00000000fe800000|  0%| F|  |TAMS 0x00000000fe700000| PB 0x00000000fe700000| Untracked 
|  40|0x00000000fe800000, 0x00000000fe800000, 0x00000000fe900000|  0%| F|  |TAMS 0x00000000fe800000| PB 0x00000000fe800000| Untracked 
|  41|0x00000000fe900000, 0x00000000fe900000, 0x00000000fea00000|  0%| F|  |TAMS 0x00000000fe900000| PB 0x00000000fe900000| Untracked 
|  42|0x00000000fea00000, 0x00000000fea00000, 0x00000000feb00000|  0%| F|  |TAMS 0x00000000fea00000| PB 0x00000000fea00000| Untracked 
|  43|0x00000000feb00000, 0x00000000feb00000, 0x00000000fec00000|  0%| F|  |TAMS 0x00000000feb00000| PB 0x00000000feb00000| Untracked 
|  44|0x00000000fec00000, 0x00000000fec00000, 0x00000000fed00000|  0%| F|  |TAMS 0x00000000fec00000| PB 0x00000000fec00000| Untracked 
|  45|0x00000000fed00000, 0x00000000fed00000, 0x00000000fee00000|  0%| F|  |TAMS 0x00000000fed00000| PB 0x00000000fed00000| Untracked 
|  46|0x00000000fee00000, 0x00000000fee00000, 0x00000000fef00000|  0%| F|  |TAMS 0x00000000fee00000| PB 0x00000000fee00000| Untracked 
|  47|0x00000000fef00000, 0x00000000fef00000, 0x00000000ff000000|  0%| F|  |TAMS 0x00000000fef00000| PB 0x00000000fef00000| Untracked 
|  48|0x00000000ff000000, 0x00000000ff100000, 0x00000000ff100000|100%| E|  |TAMS 0x00000000ff000000| PB 0x00000000ff000000| Complete 
|  49|0x00000000ff100000, 0x00000000ff200000, 0x00000000ff200000|100%| E|CS|TAMS 0x00000000ff100000| PB 0x00000000ff100000| Complete 
|  50|0x00000000ff200000, 0x00000000ff300000, 0x00000000ff300000|100%| E|CS|TAMS 0x00000000ff200000| PB 0x00000000ff200000| Complete 
|  51|0x00000000ff300000, 0x00000000ff400000, 0x00000000ff400000|100%| E|CS|TAMS 0x00000000ff300000| PB 0x00000000ff300000| Complete 
|  52|0x00000000ff400000, 0x00000000ff500000, 0x00000000ff500000|100%| E|CS|TAMS 0x00000000ff400000| PB 0x00000000ff400000| Complete 
|  53|0x00000000ff500000, 0x00000000ff600000, 0x00000000ff600000|100%| E|CS|TAMS 0x00000000ff500000| PB 0x00000000ff500000| Complete 
|  54|0x00000000ff600000, 0x00000000ff700000, 0x00000000ff700000|100%| E|CS|TAMS 0x00000000ff600000| PB 0x00000000ff600000| Complete 
|  55|0x00000000ff700000, 0x00000000ff800000, 0x00000000ff800000|100%| E|CS|TAMS 0x00000000ff700000| PB 0x00000000ff700000| Complete 
|  56|0x00000000ff800000, 0x00000000ff900000, 0x00000000ff900000|100%| E|CS|TAMS 0x00000000ff800000| PB 0x00000000ff800000| Complete 
|  57|0x00000000ff900000, 0x00000000ffa00000, 0x00000000ffa00000|100%| E|CS|TAMS 0x00000000ff900000| PB 0x00000000ff900000| Complete 
|  58|0x00000000ffa00000, 0x00000000ffb00000, 0x00000000ffb00000|100%| E|CS|TAMS 0x00000000ffa00000| PB 0x00000000ffa00000| Complete 
|  59|0x00000000ffb00000, 0x00000000ffc00000, 0x00000000ffc00000|100%| E|CS|TAMS 0x00000000ffb00000| PB 0x00000000ffb00000| Complete 
|  60|0x00000000ffc00000, 0x00000000ffd00000, 0x00000000ffd00000|100%| E|CS|TAMS 0x00000000ffc00000| PB 0x00000000ffc00000| Complete 
|  61|0x00000000ffd00000, 0x00000000ffe00000, 0x00000000ffe00000|100%| E|CS|TAMS 0x00000000ffd00000| PB 0x00000000ffd00000| Complete 
|  62|0x00000000ffe00000, 0x00000000fff00000, 0x00000000fff00000|100%| E|CS|TAMS 0x00000000ffe00000| PB 0x00000000ffe00000| Complete 
|  63|0x00000000fff00000, 0x0000000100000000, 0x0000000100000000|100%| E|CS|TAMS 0x00000000fff00000| PB 0x00000000fff00000| Complete 

Card table byte_map: [0x000001fd52730000,0x000001fd52750000] _byte_map_base: 0x000001fd51f50000

Marking Bits: (CMBitMap*) 0x000001fd39039e20
 Bits: [0x000001fd52750000, 0x000001fd52850000)

Polling page: 0x000001fd390e0000

Metaspace:

Usage:
  Non-class:      4.92 MB used.
      Class:    641.43 KB used.
       Both:      5.54 MB used.

Virtual space:
  Non-class space:       64.00 MB reserved,       5.00 MB (  8%) committed,  1 nodes.
      Class space:        1.00 GB reserved,     768.00 KB ( <1%) committed,  1 nodes.
             Both:        1.06 GB reserved,       5.75 MB ( <1%) committed. 

Chunk freelists:
   Non-Class:  9.50 MB
       Class:  15.31 MB
        Both:  24.81 MB

MaxMetaspaceSize: unlimited
CompressedClassSpaceSize: 1.00 GB
Initial GC threshold: 21.00 MB
Current GC threshold: 21.00 MB
CDS: on
 - commit_granule_bytes: 65536.
 - commit_granule_words: 8192.
 - virtual_space_node_default_size: 8388608.
 - enlarge_chunks_in_place: 1.
 - use_allocation_guard: 0.


Internal statistics:

num_allocs_failed_limit: 0.
num_arena_births: 106.
num_arena_deaths: 0.
num_vsnodes_births: 2.
num_vsnodes_deaths: 0.
num_space_committed: 92.
num_space_uncommitted: 0.
num_chunks_returned_to_freelist: 0.
num_chunks_taken_from_freelist: 245.
num_chunk_merges: 0.
num_chunk_splits: 162.
num_chunks_enlarged: 125.
num_inconsistent_stats: 0.

CodeHeap 'non-profiled nmethods': size=120000Kb used=312Kb max_used=312Kb free=119687Kb
 bounds [0x000001fd4a770000, 0x000001fd4a9e0000, 0x000001fd51ca0000]
CodeHeap 'profiled nmethods': size=120000Kb used=2185Kb max_used=2185Kb free=117814Kb
 bounds [0x000001fd42ca0000, 0x000001fd42f10000, 0x000001fd4a1d0000]
CodeHeap 'non-nmethods': size=5760Kb used=1352Kb max_used=1367Kb free=4407Kb
 bounds [0x000001fd4a1d0000, 0x000001fd4a440000, 0x000001fd4a770000]
 total_blobs=1660 nmethods=1203 adapters=362
 compilation: enabled
              stopped_count=0, restarted_count=0
 full_count=0

Compilation events (20 events):
Event: 2.047 Thread 0x000001fd5522e650 1191       3       java.lang.Short::toUnsignedInt (5 bytes)
Event: 2.047 Thread 0x000001fd5522e650 nmethod 1191 0x000001fd42ec0190 code [0x000001fd42ec0320, 0x000001fd42ec0418]
Event: 2.047 Thread 0x000001fd5522e650 1192       3       java.io.DataInputStream::readFully (9 bytes)
Event: 2.047 Thread 0x000001fd5522e650 nmethod 1192 0x000001fd42ec0490 code [0x000001fd42ec0640, 0x000001fd42ec0788]
Event: 2.048 Thread 0x000001fd55228890 nmethod 1193 0x000001fd4a7bd210 code [0x000001fd4a7bd3a0, 0x000001fd4a7bd4d8]
Event: 2.048 Thread 0x000001fd55228890 1194       4       java.util.concurrent.locks.ReentrantLock$NonfairSync::initialTryLock (58 bytes)
Event: 2.048 Thread 0x000001fd5522e650 1196       3       java.util.concurrent.ConcurrentHashMap::put (8 bytes)
Event: 2.049 Thread 0x000001fd5522e650 nmethod 1196 0x000001fd42ec0890 code [0x000001fd42ec0a40, 0x000001fd42ec0b80]
Event: 2.051 Thread 0x000001fd55228890 nmethod 1194 0x000001fd4a7bd590 code [0x000001fd4a7bd740, 0x000001fd4a7bd9b8]
Event: 2.051 Thread 0x000001fd55228890 1195       4       java.io.BufferedInputStream::getBufIfOpen (61 bytes)
Event: 2.055 Thread 0x000001fd55228890 nmethod 1195 0x000001fd4a7bda90 code [0x000001fd4a7bdc20, 0x000001fd4a7bdf50]
Event: 2.055 Thread 0x000001fd55228890 1197       4       java.util.concurrent.locks.AbstractQueuedSynchronizer::signalNext (34 bytes)
Event: 2.056 Thread 0x000001fd55228890 nmethod 1197 0x000001fd4a7be010 code [0x000001fd4a7be1a0, 0x000001fd4a7be228]
Event: 2.056 Thread 0x000001fd55228890 1198 % !   4       java.util.concurrent.ConcurrentHashMap::transfer @ 96 (849 bytes)
Event: 2.060 Thread 0x000001fd5522e650 1202       3       java.util.Arrays$ArrayItr::hasNext (18 bytes)
Event: 2.061 Thread 0x000001fd5522e650 nmethod 1202 0x000001fd42ec0c10 code [0x000001fd42ec0dc0, 0x000001fd42ec0f30]
Event: 2.061 Thread 0x000001fd5522e650 1203       3       java.util.Arrays$ArrayItr::next (36 bytes)
Event: 2.061 Thread 0x000001fd5522e650 nmethod 1203 0x000001fd42ec1010 code [0x000001fd42ec11c0, 0x000001fd42ec1418]
Event: 2.061 Thread 0x000001fd5522e650 1204       3       java.util.HashMap$KeyIterator::next (8 bytes)
Event: 2.061 Thread 0x000001fd5522e650 nmethod 1204 0x000001fd42ec1510 code [0x000001fd42ec16c0, 0x000001fd42ec1800]

GC Heap History (0 events):
No events

Dll operation events (6 events):
Event: 0.031 Loaded shared library C:\jdk-21.0.8_windows-x64_bin\jdk-21.0.8\bin\java.dll
Event: 0.145 Loaded shared library C:\jdk-21.0.8_windows-x64_bin\jdk-21.0.8\bin\jsvml.dll
Event: 0.175 Loaded shared library C:\jdk-21.0.8_windows-x64_bin\jdk-21.0.8\bin\net.dll
Event: 0.180 Loaded shared library C:\jdk-21.0.8_windows-x64_bin\jdk-21.0.8\bin\nio.dll
Event: 0.226 Loaded shared library C:\jdk-21.0.8_windows-x64_bin\jdk-21.0.8\bin\zip.dll
Event: 0.489 Loaded shared library C:\jdk-21.0.8_windows-x64_bin\jdk-21.0.8\bin\jimage.dll

Deoptimization events (20 events):
Event: 1.999 Thread 0x000001fd55799f90 Uncommon trap: trap_request=0xffffff45 fr.pc=0x000001fd4a798574 relative=0x0000000000000054
Event: 1.999 Thread 0x000001fd55799f90 Uncommon trap: reason=unstable_if action=reinterpret pc=0x000001fd4a798574 method=java.lang.CharacterData.of(I)Ljava/lang/CharacterData; @ 4 c2
Event: 1.999 Thread 0x000001fd55799f90 DEOPT PACKING pc=0x000001fd4a798574 sp=0x00000058cc8fde10
Event: 1.999 Thread 0x000001fd55799f90 DEOPT UNPACKING pc=0x000001fd4a2246a2 sp=0x00000058cc8fddb0 mode 2
Event: 2.034 Thread 0x000001fd55799f90 Uncommon trap: trap_request=0xffffffde fr.pc=0x000001fd4a7b5f9c relative=0x000000000000033c
Event: 2.034 Thread 0x000001fd55799f90 Uncommon trap: reason=class_check action=maybe_recompile pc=0x000001fd4a7b5f9c method=java.util.regex.Pattern$BmpCharPropertyGreedy.match(Ljava/util/regex/Matcher;ILjava/lang/CharSequence;)Z @ 26 c2
Event: 2.034 Thread 0x000001fd55799f90 DEOPT PACKING pc=0x000001fd4a7b5f9c sp=0x00000058cc8fd940
Event: 2.034 Thread 0x000001fd55799f90 DEOPT UNPACKING pc=0x000001fd4a2246a2 sp=0x00000058cc8fd8f8 mode 2
Event: 2.034 Thread 0x000001fd55799f90 Uncommon trap: trap_request=0xffffffde fr.pc=0x000001fd4a7b5f9c relative=0x000000000000033c
Event: 2.034 Thread 0x000001fd55799f90 Uncommon trap: reason=class_check action=maybe_recompile pc=0x000001fd4a7b5f9c method=java.util.regex.Pattern$BmpCharPropertyGreedy.match(Ljava/util/regex/Matcher;ILjava/lang/CharSequence;)Z @ 26 c2
Event: 2.034 Thread 0x000001fd55799f90 DEOPT PACKING pc=0x000001fd4a7b5f9c sp=0x00000058cc8fd8c0
Event: 2.034 Thread 0x000001fd55799f90 DEOPT UNPACKING pc=0x000001fd4a2246a2 sp=0x00000058cc8fd878 mode 2
Event: 2.034 Thread 0x000001fd55799f90 Uncommon trap: trap_request=0xffffffde fr.pc=0x000001fd4a7b5f9c relative=0x000000000000033c
Event: 2.034 Thread 0x000001fd55799f90 Uncommon trap: reason=class_check action=maybe_recompile pc=0x000001fd4a7b5f9c method=java.util.regex.Pattern$BmpCharPropertyGreedy.match(Ljava/util/regex/Matcher;ILjava/lang/CharSequence;)Z @ 26 c2
Event: 2.034 Thread 0x000001fd55799f90 DEOPT PACKING pc=0x000001fd4a7b5f9c sp=0x00000058cc8fd620
Event: 2.034 Thread 0x000001fd55799f90 DEOPT UNPACKING pc=0x000001fd4a2246a2 sp=0x00000058cc8fd5d8 mode 2
Event: 2.034 Thread 0x000001fd55799f90 Uncommon trap: trap_request=0xffffffde fr.pc=0x000001fd4a7b5f9c relative=0x000000000000033c
Event: 2.034 Thread 0x000001fd55799f90 Uncommon trap: reason=class_check action=maybe_recompile pc=0x000001fd4a7b5f9c method=java.util.regex.Pattern$BmpCharPropertyGreedy.match(Ljava/util/regex/Matcher;ILjava/lang/CharSequence;)Z @ 26 c2
Event: 2.034 Thread 0x000001fd55799f90 DEOPT PACKING pc=0x000001fd4a7b5f9c sp=0x00000058cc8fd940
Event: 2.034 Thread 0x000001fd55799f90 DEOPT UNPACKING pc=0x000001fd4a2246a2 sp=0x00000058cc8fd8f8 mode 2

Classes loaded (20 events):
Event: 2.021 Loading class java/lang/StackStreamFactory
Event: 2.021 Loading class java/lang/StackStreamFactory done
Event: 2.021 Loading class java/lang/StackWalker$ExtendedOption
Event: 2.021 Loading class java/lang/StackWalker$ExtendedOption done
Event: 2.021 Loading class java/lang/StackStreamFactory$StackFrameTraverser
Event: 2.022 Loading class java/lang/StackStreamFactory$StackFrameTraverser done
Event: 2.022 Loading class java/lang/StackStreamFactory$WalkerState
Event: 2.022 Loading class java/lang/StackStreamFactory$WalkerState done
Event: 2.022 Loading class java/lang/StackStreamFactory$StackFrameTraverser$StackFrameBuffer
Event: 2.022 Loading class java/lang/StackStreamFactory$FrameBuffer
Event: 2.022 Loading class java/lang/StackStreamFactory$FrameBuffer done
Event: 2.022 Loading class java/lang/StackStreamFactory$StackFrameTraverser$StackFrameBuffer done
Event: 2.033 Loading class java/util/Formatter$FixedString
Event: 2.034 Loading class java/util/Formatter$FixedString done
Event: 2.043 Loading class java/time/zone/ZoneRulesProvider
Event: 2.043 Loading class java/time/zone/ZoneRulesProvider done
Event: 2.044 Loading class java/time/zone/ZoneRulesProvider$1
Event: 2.044 Loading class java/time/zone/ZoneRulesProvider$1 done
Event: 2.044 Loading class java/time/zone/TzdbZoneRulesProvider
Event: 2.044 Loading class java/time/zone/TzdbZoneRulesProvider done

Classes unloaded (0 events):
No events

Classes redefined (0 events):
No events

Internal exceptions (14 events):
Event: 0.687 Thread 0x000001fd38ea07a0 Exception <a 'java/lang/NoSuchMethodError'{0x00000000ffc496e8}: 'void java.lang.invoke.DirectMethodHandle$Holder.invokeSpecial(java.lang.Object, java.lang.Object, java.lang.Object)'> (0x00000000ffc496e8) 
thrown [s\open\src\hotspot\share\interpreter\linkResolver.cpp, line 773]
Event: 0.804 Thread 0x000001fd38ea07a0 Exception <a 'java/lang/NoSuchMethodError'{0x00000000ffb942a0}: 'void java.lang.invoke.DirectMethodHandle$Holder.invokeStatic(java.lang.Object, java.lang.Object, java.lang.Object)'> (0x00000000ffb942a0) 
thrown [s\open\src\hotspot\share\interpreter\linkResolver.cpp, line 773]
Event: 0.894 Thread 0x000001fd38ea07a0 Exception <a 'java/lang/NoSuchMethodError'{0x00000000ffa442b8}: 'void java.lang.invoke.DirectMethodHandle$Holder.invokeStatic(java.lang.Object, java.lang.Object, java.lang.Object, java.lang.Object)'> (0x00000000ffa442b8) 
thrown [s\open\src\hotspot\share\interpreter\linkResolver.cpp, line 773]
Event: 1.272 Thread 0x000001fd38ea07a0 Exception <a 'java/lang/NoSuchMethodError'{0x00000000ff611328}: 'java.lang.Object java.lang.invoke.DirectMethodHandle$Holder.newInvokeSpecial(java.lang.Object, java.lang.Object, java.lang.Object, java.lang.Object, java.lang.Object)'> (0x00000000ff611328) 
thrown [s\open\src\hotspot\share\interpreter\linkResolver.cpp, line 773]
Event: 1.276 Thread 0x000001fd38ea07a0 Exception <a 'java/lang/NoSuchMethodError'{0x00000000ff6160d0}: 'java.lang.Object java.lang.invoke.DirectMethodHandle$Holder.invokeInterface(java.lang.Object, java.lang.Object)'> (0x00000000ff6160d0) 
thrown [s\open\src\hotspot\share\interpreter\linkResolver.cpp, line 773]
Event: 1.277 Thread 0x000001fd38ea07a0 Exception <a 'java/lang/IncompatibleClassChangeError'{0x00000000ff6193e8}: Found class java.lang.Object, but interface was expected> (0x00000000ff6193e8) 
thrown [s\open\src\hotspot\share\interpreter\linkResolver.cpp, line 840]
Event: 1.302 Thread 0x000001fd38ea07a0 Exception <a 'java/lang/IncompatibleClassChangeError'{0x00000000ff641cb0}: Found class java.lang.Object, but interface was expected> (0x00000000ff641cb0) 
thrown [s\open\src\hotspot\share\interpreter\linkResolver.cpp, line 840]
Event: 1.430 Thread 0x000001fd55799f90 Exception <a 'java/lang/NoSuchMethodError'{0x00000000ff43d440}: 'int java.lang.invoke.DirectMethodHandle$Holder.invokeSpecial(java.lang.Object, java.lang.Object, java.lang.Object)'> (0x00000000ff43d440) 
thrown [s\open\src\hotspot\share\interpreter\linkResolver.cpp, line 773]
Event: 1.455 Thread 0x000001fd55799f90 Exception <a 'java/lang/NoSuchMethodError'{0x00000000ff4658f8}: 'void java.lang.invoke.Invokers$Holder.invokeExact_MT(java.lang.Object, java.lang.Object, java.lang.Object, java.lang.Object)'> (0x00000000ff4658f8) 
thrown [s\open\src\hotspot\share\interpreter\linkResolver.cpp, line 773]
Event: 1.514 Thread 0x000001fd55799f90 Exception <a 'java/lang/NoSuchMethodError'{0x00000000ff4c02c8}: 'void java.lang.invoke.DelegatingMethodHandle$Holder.reinvoke_L(java.lang.Object, java.lang.Object, int)'> (0x00000000ff4c02c8) 
thrown [s\open\src\hotspot\share\interpreter\linkResolver.cpp, line 773]
Event: 1.520 Thread 0x000001fd55799f90 Exception <a 'java/lang/NoSuchMethodError'{0x00000000ff4c6e58}: 'int java.lang.invoke.Invokers$Holder.invokeExact_MT(java.lang.Object, java.lang.Object, java.lang.Object)'> (0x00000000ff4c6e58) 
thrown [s\open\src\hotspot\share\interpreter\linkResolver.cpp, line 773]
Event: 1.721 Thread 0x000001fd55799f90 Exception <a 'java/lang/NoSuchMethodError'{0x00000000ff223ff0}: 'java.lang.Object java.lang.invoke.DirectMethodHandle$Holder.invokeInterface(java.lang.Object, java.lang.Object, java.lang.Object)'> (0x00000000ff223ff0) 
thrown [s\open\src\hotspot\share\interpreter\linkResolver.cpp, line 773]
Event: 1.798 Thread 0x000001fd55799f90 Exception <a 'sun/nio/fs/WindowsException'{0x00000000ff2c5320}> (0x00000000ff2c5320) 
thrown [s\open\src\hotspot\share\prims\jni.cpp, line 520]
Event: 1.814 Thread 0x000001fd55799f90 Exception <a 'sun/nio/fs/WindowsException'{0x00000000ff2cb448}> (0x00000000ff2cb448) 
thrown [s\open\src\hotspot\share\prims\jni.cpp, line 520]

ZGC Phase Switch (0 events):
No events

VM Operations (18 events):
Event: 0.228 Executing VM operation: HandshakeAllThreads (Deoptimize)
Event: 0.228 Executing VM operation: HandshakeAllThreads (Deoptimize) done
Event: 1.234 Executing VM operation: Cleanup
Event: 1.250 Executing VM operation: Cleanup done
Event: 1.729 Executing VM operation: HandshakeAllThreads (Deoptimize)
Event: 1.729 Executing VM operation: HandshakeAllThreads (Deoptimize) done
Event: 1.742 Executing VM operation: HandshakeAllThreads (Deoptimize)
Event: 1.742 Executing VM operation: HandshakeAllThreads (Deoptimize) done
Event: 1.764 Executing VM operation: HandshakeAllThreads (Deoptimize)
Event: 1.764 Executing VM operation: HandshakeAllThreads (Deoptimize) done
Event: 1.850 Executing VM operation: HandshakeAllThreads (Deoptimize)
Event: 1.850 Executing VM operation: HandshakeAllThreads (Deoptimize) done
Event: 1.893 Executing VM operation: HandshakeAllThreads (Deoptimize)
Event: 1.893 Executing VM operation: HandshakeAllThreads (Deoptimize) done
Event: 2.000 Executing VM operation: HandshakeAllThreads (Deoptimize)
Event: 2.000 Executing VM operation: HandshakeAllThreads (Deoptimize) done
Event: 2.011 Executing VM operation: HandshakeAllThreads (Deoptimize)
Event: 2.011 Executing VM operation: HandshakeAllThreads (Deoptimize) done

Events (14 events):
Event: 0.056 Thread 0x000001fd38ea07a0 Thread added: 0x000001fd38ea07a0
Event: 0.096 Thread 0x000001fd55217960 Thread added: 0x000001fd55217960
Event: 0.096 Thread 0x000001fd55219ec0 Thread added: 0x000001fd55219ec0
Event: 0.098 Thread 0x000001fd552201f0 Thread added: 0x000001fd552201f0
Event: 0.099 Thread 0x000001fd55222fb0 Thread added: 0x000001fd55222fb0
Event: 0.102 Thread 0x000001fd55224720 Thread added: 0x000001fd55224720
Event: 0.102 Thread 0x000001fd55226630 Thread added: 0x000001fd55226630
Event: 0.103 Thread 0x000001fd55228890 Thread added: 0x000001fd55228890
Event: 0.106 Thread 0x000001fd5522e650 Thread added: 0x000001fd5522e650
Event: 0.162 Thread 0x000001fd554f8c20 Thread added: 0x000001fd554f8c20
Event: 0.167 Thread 0x000001fd5550b890 Thread added: 0x000001fd5550b890
Event: 1.384 Thread 0x000001fd55799f90 Thread added: 0x000001fd55799f90
Event: 1.386 Thread 0x000001fd38ea07a0 Thread exited: 0x000001fd38ea07a0
Event: 1.386 Thread 0x000001fd38ea07a0 Thread added: 0x000001fd38ea07a0


Dynamic libraries:
0x00007ff7bf060000 - 0x00007ff7bf070000 	C:\jdk-21.0.8_windows-x64_bin\jdk-21.0.8\bin\java.exe
0x00007ffb5a8e0000 - 0x00007ffb5ab47000 	C:\WINDOWS\SYSTEM32\ntdll.dll
0x00007ffb221e0000 - 0x00007ffb22200000 	C:\Program Files\Avast Software\Avast\aswhook.dll
0x00007ffb59b20000 - 0x00007ffb59be9000 	C:\WINDOWS\System32\KERNEL32.DLL
0x00007ffb57d90000 - 0x00007ffb58181000 	C:\WINDOWS\System32\KERNELBASE.dll
0x00007ffb58240000 - 0x00007ffb5838b000 	C:\WINDOWS\System32\ucrtbase.dll
0x00007ffb38010000 - 0x00007ffb38029000 	C:\jdk-21.0.8_windows-x64_bin\jdk-21.0.8\bin\jli.dll
0x00007ffb33130000 - 0x00007ffb3314b000 	C:\jdk-21.0.8_windows-x64_bin\jdk-21.0.8\bin\VCRUNTIME140.dll
0x00007ffb59d00000 - 0x00007ffb59dbb000 	C:\WINDOWS\System32\ADVAPI32.dll
0x00007ffb59360000 - 0x00007ffb59409000 	C:\WINDOWS\System32\msvcrt.dll
0x00007ffb589c0000 - 0x00007ffb58a67000 	C:\WINDOWS\System32\sechost.dll
0x00007ffb59a00000 - 0x00007ffb59b18000 	C:\WINDOWS\System32\RPCRT4.dll
0x00007ffb58ff0000 - 0x00007ffb591b5000 	C:\WINDOWS\System32\USER32.dll
0x00007ffb57280000 - 0x00007ffb572a7000 	C:\WINDOWS\System32\win32u.dll
0x00007ffb59510000 - 0x00007ffb5953b000 	C:\WINDOWS\System32\GDI32.dll
0x00007ffb57c60000 - 0x00007ffb57d8a000 	C:\WINDOWS\System32\gdi32full.dll
0x00007ffb58190000 - 0x00007ffb58233000 	C:\WINDOWS\System32\msvcp_win.dll
0x00007ffb368e0000 - 0x00007ffb36b73000 	C:\WINDOWS\WinSxS\amd64_microsoft.windows.common-controls_6595b64144ccf1df_6.0.26100.7922_none_3e089e1ee3342171\COMCTL32.dll
0x00007ffb4dbe0000 - 0x00007ffb4dbeb000 	C:\WINDOWS\SYSTEM32\VERSION.dll
0x00007ffb58f00000 - 0x00007ffb58f31000 	C:\WINDOWS\System32\IMM32.DLL
0x00007ffb4ca70000 - 0x00007ffb4ca7c000 	C:\jdk-21.0.8_windows-x64_bin\jdk-21.0.8\bin\vcruntime140_1.dll
0x00007ffb018f0000 - 0x00007ffb0197e000 	C:\jdk-21.0.8_windows-x64_bin\jdk-21.0.8\bin\msvcp140.dll
0x00007ffacf4b0000 - 0x00007ffad01cd000 	C:\jdk-21.0.8_windows-x64_bin\jdk-21.0.8\bin\server\jvm.dll
0x00007ffb59bf0000 - 0x00007ffb59c64000 	C:\WINDOWS\System32\WS2_32.dll
0x00007ffb57020000 - 0x00007ffb5707e000 	C:\WINDOWS\SYSTEM32\POWRPROF.dll
0x00007ffb368a0000 - 0x00007ffb368d5000 	C:\WINDOWS\SYSTEM32\WINMM.dll
0x00007ffb57000000 - 0x00007ffb57014000 	C:\WINDOWS\SYSTEM32\UMPDC.dll
0x00007ffb55f10000 - 0x00007ffb55f2b000 	C:\WINDOWS\SYSTEM32\kernel.appcore.dll
0x00007ffb47db0000 - 0x00007ffb47dba000 	C:\jdk-21.0.8_windows-x64_bin\jdk-21.0.8\bin\jimage.dll
0x00007ffb54c50000 - 0x00007ffb54e92000 	C:\WINDOWS\SYSTEM32\DBGHELP.DLL
0x00007ffb59600000 - 0x00007ffb59982000 	C:\WINDOWS\System32\combase.dll
0x00007ffb59e00000 - 0x00007ffb59ed7000 	C:\WINDOWS\System32\OLEAUT32.dll
0x00007ffb462d0000 - 0x00007ffb4630b000 	C:\WINDOWS\SYSTEM32\dbgcore.DLL
0x00007ffb572b0000 - 0x00007ffb57355000 	C:\WINDOWS\System32\bcryptPrimitives.dll
0x00007ffb30a30000 - 0x00007ffb30a4f000 	C:\jdk-21.0.8_windows-x64_bin\jdk-21.0.8\bin\java.dll
0x00007ffb59fc0000 - 0x00007ffb5a71f000 	C:\WINDOWS\System32\SHELL32.dll
0x00007ffb58390000 - 0x00007ffb584fa000 	C:\WINDOWS\System32\wintypes.dll
0x00007ffb573f0000 - 0x00007ffb57c54000 	C:\WINDOWS\System32\windows.storage.dll
0x00007ffb59410000 - 0x00007ffb59507000 	C:\WINDOWS\System32\SHCORE.dll
0x00007ffb59990000 - 0x00007ffb599f7000 	C:\WINDOWS\System32\shlwapi.dll
0x00007ffb570e0000 - 0x00007ffb57109000 	C:\WINDOWS\SYSTEM32\profapi.dll
0x00007ffb0de00000 - 0x00007ffb0ded7000 	C:\jdk-21.0.8_windows-x64_bin\jdk-21.0.8\bin\jsvml.dll
0x00007ffb45c80000 - 0x00007ffb45c90000 	C:\jdk-21.0.8_windows-x64_bin\jdk-21.0.8\bin\net.dll
0x00007ffb4d6d0000 - 0x00007ffb4d7f7000 	C:\WINDOWS\SYSTEM32\WINHTTP.dll
0x00007ffb56460000 - 0x00007ffb564cb000 	C:\WINDOWS\system32\mswsock.dll
0x00007ffb2eb30000 - 0x00007ffb2eb46000 	C:\jdk-21.0.8_windows-x64_bin\jdk-21.0.8\bin\nio.dll
0x00007ffb2eaf0000 - 0x00007ffb2eb08000 	C:\jdk-21.0.8_windows-x64_bin\jdk-21.0.8\bin\zip.dll

dbghelp: loaded successfully - version: 4.0.5 - missing functions: none
symbol engine: initialized successfully - sym options: 0x614 - pdb path: .;C:\jdk-21.0.8_windows-x64_bin\jdk-21.0.8\bin;C:\WINDOWS\SYSTEM32;C:\Program Files\Avast Software\Avast;C:\WINDOWS\WinSxS\amd64_microsoft.windows.common-controls_6595b64144ccf1df_6.0.26100.7922_none_3e089e1ee3342171;C:\jdk-21.0.8_windows-x64_bin\jdk-21.0.8\bin\server

VM Arguments:
jvm_args: -DwatchParentProcess=false -XX:+ExitOnOutOfMemoryError -XX:+HeapDumpOnOutOfMemoryError -XX:HeapDumpPath=c:\Users\Pc\AppData\Roaming\Code\User\globalStorage\redhat.vscode-xml -Xmx64M 
java_command: org.eclipse.lemminx.XMLServerLauncher
java_class_path (initial): c:\Users\Pc\.vscode\extensions\redhat.vscode-xml-0.29.0-win32-x64\server\org.eclipse.lemminx-0.31.0-uber.jar
Launcher Type: SUN_STANDARD

[Global flags]
     intx CICompilerCount                          = 4                                         {product} {ergonomic}
     uint ConcGCThreads                            = 2                                         {product} {ergonomic}
     bool ExitOnOutOfMemoryError                   = true                                      {product} {command line}
     uint G1ConcRefinementThreads                  = 8                                         {product} {ergonomic}
   size_t G1HeapRegionSize                         = 1048576                                   {product} {ergonomic}
    uintx GCDrainStackTargetSize                   = 64                                        {product} {ergonomic}
     bool HeapDumpOnOutOfMemoryError               = true                                   {manageable} {command line}
    ccstr HeapDumpPath                             = c:\Users\Pc\AppData\Roaming\Code\User\globalStorage\redhat.vscode-xml         {manageable} {command line}
   size_t InitialHeapSize                          = 67108864                                  {product} {ergonomic}
   size_t MarkStackSize                            = 4194304                                   {product} {ergonomic}
   size_t MaxHeapSize                              = 67108864                                  {product} {command line}
   size_t MaxNewSize                               = 39845888                                  {product} {ergonomic}
   size_t MinHeapDeltaBytes                        = 1048576                                   {product} {ergonomic}
   size_t MinHeapSize                              = 8388608                                   {product} {ergonomic}
    uintx NonNMethodCodeHeapSize                   = 5839372                                {pd product} {ergonomic}
    uintx NonProfiledCodeHeapSize                  = 122909434                              {pd product} {ergonomic}
    uintx ProfiledCodeHeapSize                     = 122909434                              {pd product} {ergonomic}
    uintx ReservedCodeCacheSize                    = 251658240                              {pd product} {ergonomic}
     bool SegmentedCodeCache                       = true                                      {product} {ergonomic}
   size_t SoftMaxHeapSize                          = 67108864                               {manageable} {ergonomic}
     bool UseCompressedOops                        = true                           {product lp64_product} {ergonomic}
     bool UseG1GC                                  = true                                      {product} {ergonomic}
     bool UseLargePagesIndividualAllocation        = false                                  {pd product} {ergonomic}

Logging:
Log output configuration:
 #0: stdout all=warning uptime,level,tags foldmultilines=false
 #1: stderr all=off uptime,level,tags foldmultilines=false

Environment Variables:
JAVA_HOME=C:\jdk-21.0.8_windows-x64_bin\jdk-21.0.8
PATH=C:\oraclexe\app\oracle\product\11.2.0\server\bin;D:\app\Pc\product\21c\dbhomeXE\bin;C:\Program Files\Common Files\Oracle\Java\javapath;C:\WINDOWS\system32;C:\WINDOWS;C:\WINDOWS\System32\Wbem;C:\WINDOWS\System32\WindowsPowerShell\v1.0\;C:\WINDOWS\System32\OpenSSH\;C:\Program Files\dotnet\;C:\MinGW\bin;C:\Program Files\nodejs\;C:\Program Files\Git\cmd;C:\Program Files\Git\bin;C:\jdk-21.0.8_windows-x64_bin\jdk-21.0.8\bin;D:\ApacheMaven\apache-maven-3.9.11\bin;C:\Program Files\MySQL\MySQL Server 8.0\bin;C:\jdk-21.0.8_windows-x64_bin\jdk-21.0.8\bin;;C:\Program Files\Docker\Docker\resources\bin;C:\Users\Pc\AppData\Local\Programs\Python\Launcher\;C:\Users\Pc\AppData\Local\Microsoft\WindowsApps;C:\Users\Pc\AppData\Roaming\npm;C:\xampp\php;C:\Users\Pc\AppData\Local\Programs\Microsoft VS Code\bin
USERNAME=Pc
OS=Windows_NT
PROCESSOR_IDENTIFIER=Intel64 Family 6 Model 142 Stepping 12, GenuineIntel
TMP=C:\Users\Pc\AppData\Local\Temp
TEMP=C:\Users\Pc\AppData\Local\Temp




Periodic native trim disabled

---------------  S Y S T E M  ---------------

OS:
 Windows 11 , 64 bit Build 26100 (10.0.26100.7920)
OS uptime: 0 days 0:31 hours
Hyper-V role detected

CPU: total 8 (initial active 8) (4 cores per cpu, 2 threads per core) family 6 model 142 stepping 12 microcode 0xfc, cx8, cmov, fxsr, ht, mmx, 3dnowpref, sse, sse2, sse3, ssse3, sse4.1, sse4.2, popcnt, lzcnt, tsc, tscinvbit, avx, avx2, aes, erms, clmul, bmi1, bmi2, adx, fma, vzeroupper, clflush, clflushopt, hv, rdtscp, f16c
Processor Information for all 8 processors :
  Max Mhz: 1896, Current Mhz: 1596, Mhz Limit: 1592

Memory: 4k page, system-wide physical 16198M (3617M free)
TotalPageFile size 18019M (AvailPageFile size 9M)
current process WorkingSet (physical memory assigned to process): 65M, peak: 65M
current process commit charge ("private bytes"): 152M, peak: 152M

vm_info: Java HotSpot(TM) 64-Bit Server VM (21.0.8+12-LTS-250) for windows-amd64 JRE (21.0.8+12-LTS-250), built on 2025-06-27T08:11:22Z by "mach5one" with MS VC++ 17.6 (VS2022)

END.
