#
# There is insufficient memory for the Java Runtime Environment to continue.
# Native memory allocation (mmap) failed to map 67108864 bytes for G1 virtual space
# Possible reasons:
#   The system is out of physical RAM or swap space
#   The process is running with CompressedOops enabled, and the Java Heap may be blocking the growth of the native heap
# Possible solutions:
#   Reduce memory load on the system
#   Increase physical memory or swap space
#   Check if swap backing store is full
#   Decrease Java heap size (-Xmx/-Xms)
#   Decrease number of Java threads
#   Decrease Java thread stack sizes (-Xss)
#   Set larger code cache with -XX:ReservedCodeCacheSize=
#   JVM is running with Unscaled Compressed Oops mode in which the Java heap is
#     placed in the first 4GB address space. The Java Heap base address is the
#     maximum limit for the native heap growth. Please use -XX:HeapBaseMinAddress
#     to set the Java Heap base and to place the Java Heap above 4GB virtual address.
# This output file may be truncated or incomplete.
#
#  Out of Memory Error (os_windows.cpp:3603), pid=3884, tid=6444
#
# JRE version:  (21.0.8+12) (build )
# Java VM: Java HotSpot(TM) 64-Bit Server VM (21.0.8+12-LTS-250, mixed mode, sharing, tiered, compressed oops, compressed class ptrs, g1 gc, windows-amd64)
# No core dump will be written. Minidumps are not enabled by default on client versions of Windows
#

---------------  S U M M A R Y ------------

Command Line: -DwatchParentProcess=false -XX:+ExitOnOutOfMemoryError -XX:+HeapDumpOnOutOfMemoryError -XX:HeapDumpPath=c:\Users\Pc\AppData\Roaming\Code\User\globalStorage\redhat.vscode-xml -Xmx64M org.eclipse.lemminx.XMLServerLauncher

Host: Intel(R) Core(TM) i5-8365U CPU @ 1.60GHz, 8 cores, 15G,  Windows 11 , 64 bit Build 26100 (10.0.26100.7920)
Time: Sat Mar 14 14:04:04 2026 Maroc elapsed time: 0.050898 seconds (0d 0h 0m 0s)

---------------  T H R E A D  ---------------

Current thread (0x000001f3dea10570):  JavaThread "Unknown thread" [_thread_in_vm, id=6444, stack(0x0000007198b00000,0x0000007198c00000) (1024K)]

Stack: [0x0000007198b00000,0x0000007198c00000]
Native frames: (J=compiled Java code, j=interpreted, Vv=VM code, C=native code)
V  [jvm.dll+0x6cc179]
V  [jvm.dll+0x8584c1]
V  [jvm.dll+0x85a9ee]
V  [jvm.dll+0x85b0c3]
V  [jvm.dll+0x27ebf6]
V  [jvm.dll+0x6c88f5]
V  [jvm.dll+0x6bd45a]
V  [jvm.dll+0x354b1a]
V  [jvm.dll+0x35c796]
V  [jvm.dll+0x3af85e]
V  [jvm.dll+0x3afb08]
V  [jvm.dll+0x328e2c]
V  [jvm.dll+0x32998b]
V  [jvm.dll+0x821879]
V  [jvm.dll+0x3bc541]
V  [jvm.dll+0x80aaf8]
V  [jvm.dll+0x45172e]
V  [jvm.dll+0x453321]
C  [jli.dll+0x52a3]
C  [ucrtbase.dll+0x37b0]
C  [KERNEL32.DLL+0x2e8d7]
C  [ntdll.dll+0x8c48c]


---------------  P R O C E S S  ---------------

Threads class SMR info:
_java_thread_list=0x00007ffad007fc48, length=0, elements={
}

Java Threads: ( => current thread )
Total: 0

Other Threads:
  0x000001f3decaa010 WorkerThread "GC Thread#0"                     [id=12248, stack(0x0000007198c00000,0x0000007198d00000) (1024K)]
  0x000001f3decab7f0 ConcurrentGCThread "G1 Main Marker"            [id=20416, stack(0x0000007198d00000,0x0000007198e00000) (1024K)]
  0x000001f3decad240 WorkerThread "G1 Conc#0"                       [id=17040, stack(0x0000007198e00000,0x0000007198f00000) (1024K)]

[error occurred during error reporting (printing all threads), id 0xc0000005, EXCEPTION_ACCESS_VIOLATION (0xc0000005) at pc=0x00007ffacf7eb5b7]
VM state: not at safepoint (not fully initialized)

VM Mutex/Monitor currently owned by a thread:  ([mutex/lock_event])
[0x00007ffad00f0f50] Heap_lock - owner thread: 0x000001f3dea10570

Heap address: 0x00000000fc000000, size: 64 MB, Compressed Oops mode: 32-bit

CDS archive(s) mapped at: [0x0000000000000000-0x0000000000000000-0x0000000000000000), size 0, SharedBaseAddress: 0x0000000800000000, ArchiveRelocationMode: 1.
Narrow klass base: 0x0000000000000000, Narrow klass shift: 0, Narrow klass range: 0x0

GC Precious Log:
 CardTable entry size: 512
 Card Set container configuration: InlinePtr #cards 5 size 8 Array Of Cards #cards 12 size 40 Howl #buckets 4 coarsen threshold 1843 Howl Bitmap #cards 512 size 80 coarsen threshold 460 Card regions per heap region 1 cards per card region 2048

Heap:
 garbage-first heap   total 0K, used 0K [0x00000000fc000000, 0x0000000100000000)
  region size 1024K, 0 young (0K), 0 survivors (0K)

[error occurred during error reporting (printing heap information), id 0xc0000005, EXCEPTION_ACCESS_VIOLATION (0xc0000005) at pc=0x00007ffacfbd51e9]
GC Heap History (0 events):
No events

Dll operation events (1 events):
Event: 0.032 Loaded shared library C:\jdk-21.0.8_windows-x64_bin\jdk-21.0.8\bin\java.dll

Deoptimization events (0 events):
No events

Classes loaded (0 events):
No events

Classes unloaded (0 events):
No events

Classes redefined (0 events):
No events

Internal exceptions (0 events):
No events

ZGC Phase Switch (0 events):
No events

VM Operations (0 events):
No events

Events (0 events):
No events


Dynamic libraries:
0x00007ff7bf060000 - 0x00007ff7bf070000 	C:\jdk-21.0.8_windows-x64_bin\jdk-21.0.8\bin\java.exe
0x00007ffb5a8e0000 - 0x00007ffb5ab47000 	C:\WINDOWS\SYSTEM32\ntdll.dll
0x00007ffb221e0000 - 0x00007ffb22200000 	C:\Program Files\Avast Software\Avast\aswhook.dll
0x00007ffb59b20000 - 0x00007ffb59be9000 	C:\WINDOWS\System32\KERNEL32.DLL
0x00007ffb57d90000 - 0x00007ffb58181000 	C:\WINDOWS\System32\KERNELBASE.dll
0x00007ffb58240000 - 0x00007ffb5838b000 	C:\WINDOWS\System32\ucrtbase.dll
0x00007ffb38010000 - 0x00007ffb38029000 	C:\jdk-21.0.8_windows-x64_bin\jdk-21.0.8\bin\jli.dll
0x00007ffb33130000 - 0x00007ffb3314b000 	C:\jdk-21.0.8_windows-x64_bin\jdk-21.0.8\bin\VCRUNTIME140.dll
0x00007ffb59d00000 - 0x00007ffb59dbb000 	C:\WINDOWS\System32\ADVAPI32.dll
0x00007ffb59360000 - 0x00007ffb59409000 	C:\WINDOWS\System32\msvcrt.dll
0x00007ffb589c0000 - 0x00007ffb58a67000 	C:\WINDOWS\System32\sechost.dll
0x00007ffb59a00000 - 0x00007ffb59b18000 	C:\WINDOWS\System32\RPCRT4.dll
0x00007ffb58ff0000 - 0x00007ffb591b5000 	C:\WINDOWS\System32\USER32.dll
0x00007ffb57280000 - 0x00007ffb572a7000 	C:\WINDOWS\System32\win32u.dll
0x00007ffb59510000 - 0x00007ffb5953b000 	C:\WINDOWS\System32\GDI32.dll
0x00007ffb57c60000 - 0x00007ffb57d8a000 	C:\WINDOWS\System32\gdi32full.dll
0x00007ffb58190000 - 0x00007ffb58233000 	C:\WINDOWS\System32\msvcp_win.dll
0x00007ffb368e0000 - 0x00007ffb36b73000 	C:\WINDOWS\WinSxS\amd64_microsoft.windows.common-controls_6595b64144ccf1df_6.0.26100.7922_none_3e089e1ee3342171\COMCTL32.dll
0x00007ffb4dbe0000 - 0x00007ffb4dbeb000 	C:\WINDOWS\SYSTEM32\VERSION.dll
0x00007ffb58f00000 - 0x00007ffb58f31000 	C:\WINDOWS\System32\IMM32.DLL
0x00007ffb4ca70000 - 0x00007ffb4ca7c000 	C:\jdk-21.0.8_windows-x64_bin\jdk-21.0.8\bin\vcruntime140_1.dll
0x00007ffb018f0000 - 0x00007ffb0197e000 	C:\jdk-21.0.8_windows-x64_bin\jdk-21.0.8\bin\msvcp140.dll
0x00007ffacf4b0000 - 0x00007ffad01cd000 	C:\jdk-21.0.8_windows-x64_bin\jdk-21.0.8\bin\server\jvm.dll
0x00007ffb59bf0000 - 0x00007ffb59c64000 	C:\WINDOWS\System32\WS2_32.dll
0x00007ffb57020000 - 0x00007ffb5707e000 	C:\WINDOWS\SYSTEM32\POWRPROF.dll
0x00007ffb368a0000 - 0x00007ffb368d5000 	C:\WINDOWS\SYSTEM32\WINMM.dll
0x00007ffb57000000 - 0x00007ffb57014000 	C:\WINDOWS\SYSTEM32\UMPDC.dll
0x00007ffb55f10000 - 0x00007ffb55f2b000 	C:\WINDOWS\SYSTEM32\kernel.appcore.dll
0x00007ffb47db0000 - 0x00007ffb47dba000 	C:\jdk-21.0.8_windows-x64_bin\jdk-21.0.8\bin\jimage.dll
0x00007ffb54c50000 - 0x00007ffb54e92000 	C:\WINDOWS\SYSTEM32\DBGHELP.DLL
0x00007ffb59600000 - 0x00007ffb59982000 	C:\WINDOWS\System32\combase.dll
0x00007ffb59e00000 - 0x00007ffb59ed7000 	C:\WINDOWS\System32\OLEAUT32.dll
0x00007ffb462d0000 - 0x00007ffb4630b000 	C:\WINDOWS\SYSTEM32\dbgcore.DLL
0x00007ffb572b0000 - 0x00007ffb57355000 	C:\WINDOWS\System32\bcryptPrimitives.dll
0x00007ffb30a30000 - 0x00007ffb30a4f000 	C:\jdk-21.0.8_windows-x64_bin\jdk-21.0.8\bin\java.dll

dbghelp: loaded successfully - version: 4.0.5 - missing functions: none
symbol engine: initialized successfully - sym options: 0x614 - pdb path: .;C:\jdk-21.0.8_windows-x64_bin\jdk-21.0.8\bin;C:\WINDOWS\SYSTEM32;C:\Program Files\Avast Software\Avast;C:\WINDOWS\WinSxS\amd64_microsoft.windows.common-controls_6595b64144ccf1df_6.0.26100.7922_none_3e089e1ee3342171;C:\jdk-21.0.8_windows-x64_bin\jdk-21.0.8\bin\server

VM Arguments:
jvm_args: -DwatchParentProcess=false -XX:+ExitOnOutOfMemoryError -XX:+HeapDumpOnOutOfMemoryError -XX:HeapDumpPath=c:\Users\Pc\AppData\Roaming\Code\User\globalStorage\redhat.vscode-xml -Xmx64M 
java_command: org.eclipse.lemminx.XMLServerLauncher
java_class_path (initial): c:\Users\Pc\.vscode\extensions\redhat.vscode-xml-0.29.0-win32-x64\server\org.eclipse.lemminx-0.31.0-uber.jar
Launcher Type: SUN_STANDARD

[Global flags]
     intx CICompilerCount                          = 4                                         {product} {ergonomic}
     uint ConcGCThreads                            = 2                                         {product} {ergonomic}
     bool ExitOnOutOfMemoryError                   = true                                      {product} {command line}
     uint G1ConcRefinementThreads                  = 8                                         {product} {ergonomic}
   size_t G1HeapRegionSize                         = 1048576                                   {product} {ergonomic}
    uintx GCDrainStackTargetSize                   = 64                                        {product} {ergonomic}
     bool HeapDumpOnOutOfMemoryError               = true                                   {manageable} {command line}
    ccstr HeapDumpPath                             = c:\Users\Pc\AppData\Roaming\Code\User\globalStorage\redhat.vscode-xml         {manageable} {command line}
   size_t InitialHeapSize                          = 67108864                                  {product} {ergonomic}
   size_t MarkStackSize                            = 4194304                                   {product} {ergonomic}
   size_t MaxHeapSize                              = 67108864                                  {product} {command line}
   size_t MinHeapDeltaBytes                        = 1048576                                   {product} {ergonomic}
   size_t MinHeapSize                              = 8388608                                   {product} {ergonomic}
    uintx NonNMethodCodeHeapSize                   = 5839372                                {pd product} {ergonomic}
    uintx NonProfiledCodeHeapSize                  = 122909434                              {pd product} {ergonomic}
    uintx ProfiledCodeHeapSize                     = 122909434                              {pd product} {ergonomic}
    uintx ReservedCodeCacheSize                    = 251658240                              {pd product} {ergonomic}
     bool SegmentedCodeCache                       = true                                      {product} {ergonomic}
   size_t SoftMaxHeapSize                          = 67108864                               {manageable} {ergonomic}
     bool UseCompressedOops                        = true                           {product lp64_product} {ergonomic}
     bool UseG1GC                                  = true                                      {product} {ergonomic}
     bool UseLargePagesIndividualAllocation        = false                                  {pd product} {ergonomic}

Logging:
Log output configuration:
 #0: stdout all=warning uptime,level,tags foldmultilines=false
 #1: stderr all=off uptime,level,tags foldmultilines=false

Environment Variables:
JAVA_HOME=C:\jdk-21.0.8_windows-x64_bin\jdk-21.0.8
PATH=C:\oraclexe\app\oracle\product\11.2.0\server\bin;D:\app\Pc\product\21c\dbhomeXE\bin;C:\Program Files\Common Files\Oracle\Java\javapath;C:\WINDOWS\system32;C:\WINDOWS;C:\WINDOWS\System32\Wbem;C:\WINDOWS\System32\WindowsPowerShell\v1.0\;C:\WINDOWS\System32\OpenSSH\;C:\Program Files\dotnet\;C:\MinGW\bin;C:\Program Files\nodejs\;C:\Program Files\Git\cmd;C:\Program Files\Git\bin;C:\jdk-21.0.8_windows-x64_bin\jdk-21.0.8\bin;D:\ApacheMaven\apache-maven-3.9.11\bin;C:\Program Files\MySQL\MySQL Server 8.0\bin;C:\jdk-21.0.8_windows-x64_bin\jdk-21.0.8\bin;;C:\Program Files\Docker\Docker\resources\bin;C:\Users\Pc\AppData\Local\Programs\Python\Launcher\;C:\Users\Pc\AppData\Local\Microsoft\WindowsApps;C:\Users\Pc\AppData\Roaming\npm;C:\xampp\php;C:\Users\Pc\AppData\Local\Programs\Microsoft VS Code\bin
USERNAME=Pc
OS=Windows_NT
PROCESSOR_IDENTIFIER=Intel64 Family 6 Model 142 Stepping 12, GenuineIntel
TMP=C:\Users\Pc\AppData\Local\Temp
TEMP=C:\Users\Pc\AppData\Local\Temp




Periodic native trim disabled

---------------  S Y S T E M  ---------------

OS:
 Windows 11 , 64 bit Build 26100 (10.0.26100.7920)
OS uptime: 0 days 0:31 hours
Hyper-V role detected

CPU: total 8 (initial active 8) (4 cores per cpu, 2 threads per core) family 6 model 142 stepping 12 microcode 0xfc, cx8, cmov, fxsr, ht, mmx, 3dnowpref, sse, sse2, sse3, ssse3, sse4.1, sse4.2, popcnt, lzcnt, tsc, tscinvbit, avx, avx2, aes, erms, clmul, bmi1, bmi2, adx, fma, vzeroupper, clflush, clflushopt, hv, rdtscp, f16c
Processor Information for processor 0
  Max Mhz: 1896, Current Mhz: 1496, Mhz Limit: 1592
Processor Information for processor 1
  Max Mhz: 1896, Current Mhz: 1596, Mhz Limit: 1592
Processor Information for processor 2
  Max Mhz: 1896, Current Mhz: 1596, Mhz Limit: 1592
Processor Information for processor 3
  Max Mhz: 1896, Current Mhz: 1596, Mhz Limit: 1592
Processor Information for processor 4
  Max Mhz: 1896, Current Mhz: 1596, Mhz Limit: 1592
Processor Information for processor 5
  Max Mhz: 1896, Current Mhz: 1596, Mhz Limit: 1592
Processor Information for processor 6
  Max Mhz: 1896, Current Mhz: 1496, Mhz Limit: 1592
Processor Information for processor 7
  Max Mhz: 1896, Current Mhz: 1596, Mhz Limit: 1592

Memory: 4k page, system-wide physical 16198M (4599M free)
TotalPageFile size 18019M (AvailPageFile size 984M)
current process WorkingSet (physical memory assigned to process): 12M, peak: 12M
current process commit charge ("private bytes"): 59M, peak: 123M

vm_info: Java HotSpot(TM) 64-Bit Server VM (21.0.8+12-LTS-250) for windows-amd64 JRE (21.0.8+12-LTS-250), built on 2025-06-27T08:11:22Z by "mach5one" with MS VC++ 17.6 (VS2022)

END.
