#
# There is insufficient memory for the Java Runtime Environment to continue.
# Native memory allocation (malloc) failed to allocate 32744 bytes for Chunk::new
# Possible reasons:
#   The system is out of physical RAM or swap space
#   The process is running with CompressedOops enabled, and the Java Heap may be blocking the growth of the native heap
# Possible solutions:
#   Reduce memory load on the system
#   Increase physical memory or swap space
#   Check if swap backing store is full
#   Decrease Java heap size (-Xmx/-Xms)
#   Decrease number of Java threads
#   Decrease Java thread stack sizes (-Xss)
#   Set larger code cache with -XX:ReservedCodeCacheSize=
#   JVM is running with Unscaled Compressed Oops mode in which the Java heap is
#     placed in the first 4GB address space. The Java Heap base address is the
#     maximum limit for the native heap growth. Please use -XX:HeapBaseMinAddress
#     to set the Java Heap base and to place the Java Heap above 4GB virtual address.
# This output file may be truncated or incomplete.
#
#  Out of Memory Error (arena.cpp:168), pid=1548, tid=17100
#
# JRE version: Java(TM) SE Runtime Environment (21.0.8+12) (build 21.0.8+12-LTS-250)
# Java VM: Java HotSpot(TM) 64-Bit Server VM (21.0.8+12-LTS-250, mixed mode, sharing, tiered, compressed oops, compressed class ptrs, g1 gc, windows-amd64)
# No core dump will be written. Minidumps are not enabled by default on client versions of Windows
#

---------------  S U M M A R Y ------------

Command Line: -DwatchParentProcess=false -XX:+ExitOnOutOfMemoryError -XX:+HeapDumpOnOutOfMemoryError -XX:HeapDumpPath=c:\Users\Pc\AppData\Roaming\Code\User\globalStorage\redhat.vscode-xml -Xmx64M org.eclipse.lemminx.XMLServerLauncher

Host: Intel(R) Core(TM) i5-8365U CPU @ 1.60GHz, 8 cores, 15G,  Windows 11 , 64 bit Build 26100 (10.0.26100.7920)
Time: Sat Mar 14 14:04:01 2026 Maroc elapsed time: 127.339792 seconds (0d 0h 2m 7s)

---------------  T H R E A D  ---------------

Current thread (0x000001a5f55b5440):  JavaThread "C2 CompilerThread0" daemon [_thread_in_native, id=17100, stack(0x0000003c3ad00000,0x0000003c3ae00000) (1024K)]


Current CompileTask:
C2: 127340 2243       4       java.util.HashMap::putVal (300 bytes)

Stack: [0x0000003c3ad00000,0x0000003c3ae00000]
Native frames: (J=compiled Java code, j=interpreted, Vv=VM code, C=native code)
V  [jvm.dll+0x6cc179]
V  [jvm.dll+0x8584c1]
V  [jvm.dll+0x85a9ee]
V  [jvm.dll+0x85b0c3]
V  [jvm.dll+0x27ebf6]
V  [jvm.dll+0xc4f4d]
V  [jvm.dll+0xc5483]
V  [jvm.dll+0x205a83]
V  [jvm.dll+0x205955]
V  [jvm.dll+0x209507]
V  [jvm.dll+0x20a928]
V  [jvm.dll+0x208cd1]
V  [jvm.dll+0x20847c]
V  [jvm.dll+0x20925c]
V  [jvm.dll+0x2086de]
V  [jvm.dll+0x1f2f50]
V  [jvm.dll+0x14758e]
V  [jvm.dll+0x2ef258]
V  [jvm.dll+0x2f1233]
V  [jvm.dll+0x6e63d8]
V  [jvm.dll+0x6de605]
V  [jvm.dll+0x6ddace]
V  [jvm.dll+0x6dbcec]
V  [jvm.dll+0x1caafc]
V  [jvm.dll+0x2467be]
V  [jvm.dll+0x1c7a3e]
V  [jvm.dll+0x256359]
V  [jvm.dll+0x2548ea]
V  [jvm.dll+0x3efef6]
V  [jvm.dll+0x80279b]
V  [jvm.dll+0x6ca85d]
C  [ucrtbase.dll+0x37b0]
C  [KERNEL32.DLL+0x2e8d7]
C  [ntdll.dll+0x8c48c]


---------------  P R O C E S S  ---------------

Threads class SMR info:
_java_thread_list=0x000001a5fa601580, length=18, elements={
0x000001a5f55a9160, 0x000001a5f55aa7b0, 0x000001a5f55b1370, 0x000001a5f55b39e0,
0x000001a5f55b4040, 0x000001a5f55b46a0, 0x000001a5f55b5440, 0x000001a5f55bed30,
0x000001a5f5840d80, 0x000001a5f585d1c0, 0x000001a5f5b1edb0, 0x000001a5ea32f8c0,
0x000001a5fa22f250, 0x000001a5fa2300d0, 0x000001a5fac5a140, 0x000001a5fac97f20,
0x000001a5fae9d820, 0x000001a5fa7c3010
}

Java Threads: ( => current thread )
  0x000001a5f55a9160 JavaThread "Reference Handler"          daemon [_thread_blocked, id=21400, stack(0x0000003c3a700000,0x0000003c3a800000) (1024K)]
  0x000001a5f55aa7b0 JavaThread "Finalizer"                  daemon [_thread_blocked, id=25048, stack(0x0000003c3a800000,0x0000003c3a900000) (1024K)]
  0x000001a5f55b1370 JavaThread "Signal Dispatcher"          daemon [_thread_blocked, id=6428, stack(0x0000003c3a900000,0x0000003c3aa00000) (1024K)]
  0x000001a5f55b39e0 JavaThread "Attach Listener"            daemon [_thread_blocked, id=15132, stack(0x0000003c3aa00000,0x0000003c3ab00000) (1024K)]
  0x000001a5f55b4040 JavaThread "Service Thread"             daemon [_thread_blocked, id=23900, stack(0x0000003c3ab00000,0x0000003c3ac00000) (1024K)]
  0x000001a5f55b46a0 JavaThread "Monitor Deflation Thread"   daemon [_thread_blocked, id=20140, stack(0x0000003c3ac00000,0x0000003c3ad00000) (1024K)]
=>0x000001a5f55b5440 JavaThread "C2 CompilerThread0"         daemon [_thread_in_native, id=17100, stack(0x0000003c3ad00000,0x0000003c3ae00000) (1024K)]
  0x000001a5f55bed30 JavaThread "C1 CompilerThread0"         daemon [_thread_blocked, id=1996, stack(0x0000003c3ae00000,0x0000003c3af00000) (1024K)]
  0x000001a5f5840d80 JavaThread "Notification Thread"        daemon [_thread_blocked, id=6580, stack(0x0000003c3af00000,0x0000003c3b000000) (1024K)]
  0x000001a5f585d1c0 JavaThread "Common-Cleaner"             daemon [_thread_blocked, id=1776, stack(0x0000003c3b000000,0x0000003c3b100000) (1024K)]
  0x000001a5f5b1edb0 JavaThread "pool-4-thread-1"                   [_thread_in_native, id=7860, stack(0x0000003c3b100000,0x0000003c3b200000) (1024K)]
  0x000001a5ea32f8c0 JavaThread "DestroyJavaVM"                     [_thread_blocked, id=6532, stack(0x0000003c39f00000,0x0000003c3a000000) (1024K)]
  0x000001a5fa22f250 JavaThread "pool-5-thread-1"                   [_thread_blocked, id=21260, stack(0x0000003c3b200000,0x0000003c3b300000) (1024K)]
  0x000001a5fa2300d0 JavaThread "ForkJoinPool.commonPool-worker-1" daemon [_thread_blocked, id=9732, stack(0x0000003c3b300000,0x0000003c3b400000) (1024K)]
  0x000001a5fac5a140 JavaThread "ForkJoinPool.commonPool-worker-2" daemon [_thread_blocked, id=152, stack(0x0000003c3b400000,0x0000003c3b500000) (1024K)]
  0x000001a5fac97f20 JavaThread "ForkJoinPool.commonPool-worker-3" daemon [_thread_blocked, id=22488, stack(0x0000003c3bc00000,0x0000003c3bd00000) (1024K)]
  0x000001a5fae9d820 JavaThread "ForkJoinPool.commonPool-worker-4" daemon [_thread_blocked, id=19488, stack(0x0000003c3bd00000,0x0000003c3be00000) (1024K)]
  0x000001a5fa7c3010 JavaThread "ForkJoinPool.commonPool-worker-5" daemon [_thread_blocked, id=22132, stack(0x0000003c3bf00000,0x0000003c3c000000) (1024K)]
Total: 18

Other Threads:
  0x000001a5ea3dced0 VMThread "VM Thread"                           [id=8064, stack(0x0000003c3a600000,0x0000003c3a700000) (1024K)]
  0x000001a5f559aa00 WatcherThread "VM Periodic Task Thread"        [id=7224, stack(0x0000003c3a500000,0x0000003c3a600000) (1024K)]
  0x000001a5ea349b80 WorkerThread "GC Thread#0"                     [id=9832, stack(0x0000003c3a000000,0x0000003c3a100000) (1024K)]
  0x000001a5fabb2790 WorkerThread "GC Thread#1"                     [id=24404, stack(0x0000003c3b500000,0x0000003c3b600000) (1024K)]
  0x000001a5fabb4d00 WorkerThread "GC Thread#2"                     [id=5800, stack(0x0000003c3b600000,0x0000003c3b700000) (1024K)]
  0x000001a5fabb50a0 WorkerThread "GC Thread#3"                     [id=2072, stack(0x0000003c3b700000,0x0000003c3b800000) (1024K)]
  0x000001a5fabb5440 WorkerThread "GC Thread#4"                     [id=25380, stack(0x0000003c3b800000,0x0000003c3b900000) (1024K)]
  0x000001a5fabb57e0 WorkerThread "GC Thread#5"                     [id=2900, stack(0x0000003c3b900000,0x0000003c3ba00000) (1024K)]
  0x000001a5fa165150 WorkerThread "GC Thread#6"                     [id=24244, stack(0x0000003c3ba00000,0x0000003c3bb00000) (1024K)]
  0x000001a5faa74450 WorkerThread "GC Thread#7"                     [id=17200, stack(0x0000003c3bb00000,0x0000003c3bc00000) (1024K)]
  0x000001a5ea34b360 ConcurrentGCThread "G1 Main Marker"            [id=14304, stack(0x0000003c3a100000,0x0000003c3a200000) (1024K)]
  0x000001a5ea34be60 WorkerThread "G1 Conc#0"                       [id=9776, stack(0x0000003c3a200000,0x0000003c3a300000) (1024K)]
  0x000001a5ea3b5420 ConcurrentGCThread "G1 Refine#0"               [id=17192, stack(0x0000003c3a300000,0x0000003c3a400000) (1024K)]
  0x000001a5ea3b5f90 ConcurrentGCThread "G1 Service"                [id=11328, stack(0x0000003c3a400000,0x0000003c3a500000) (1024K)]
Total: 14

Threads with active compile tasks:
C2 CompilerThread0   127435 2243       4       java.util.HashMap::putVal (300 bytes)
Total: 1

VM state: not at safepoint (normal execution)

VM Mutex/Monitor currently owned by a thread: None

Heap address: 0x00000000fc000000, size: 64 MB, Compressed Oops mode: 32-bit

CDS archive(s) mapped at: [0x000001a58f000000-0x000001a58fc90000-0x000001a58fc90000), size 13172736, SharedBaseAddress: 0x000001a58f000000, ArchiveRelocationMode: 1.
Compressed class space mapped at: 0x000001a590000000-0x000001a5d0000000, reserved size: 1073741824
Narrow klass base: 0x000001a58f000000, Narrow klass shift: 0, Narrow klass range: 0x100000000

GC Precious Log:
 CardTable entry size: 512
 Card Set container configuration: InlinePtr #cards 5 size 8 Array Of Cards #cards 12 size 40 Howl #buckets 4 coarsen threshold 1843 Howl Bitmap #cards 512 size 80 coarsen threshold 460 Card regions per heap region 1 cards per card region 2048
 CPUs: 8 total, 8 available
 Memory: 16198M
 Large Page Support: Disabled
 NUMA Support: Disabled
 Compressed Oops: Enabled (32-bit)
 Heap Region Size: 1M
 Heap Min Capacity: 8M
 Heap Initial Capacity: 64M
 Heap Max Capacity: 64M
 Pre-touch: Disabled
 Parallel Workers: 8
 Concurrent Workers: 2
 Concurrent Refinement Workers: 8
 Periodic GC: Disabled

Heap:
 garbage-first heap   total 65536K, used 20693K [0x00000000fc000000, 0x0000000100000000)
  region size 1024K, 20 young (20480K), 3 survivors (3072K)
 Metaspace       used 11739K, committed 12032K, reserved 1114112K
  class space    used 1346K, committed 1472K, reserved 1048576K

Heap Regions: E=young(eden), S=young(survivor), O=old, HS=humongous(starts), HC=humongous(continues), CS=collection set, F=free, TAMS=top-at-mark-start, PB=parsable bottom
|   0|0x00000000fc000000, 0x00000000fc100000, 0x00000000fc100000|100%|HS|  |TAMS 0x00000000fc000000| PB 0x00000000fc000000| Complete 
|   1|0x00000000fc100000, 0x00000000fc200000, 0x00000000fc200000|100%| O|  |TAMS 0x00000000fc100000| PB 0x00000000fc100000| Untracked 
|   2|0x00000000fc200000, 0x00000000fc235520, 0x00000000fc300000| 20%| O|  |TAMS 0x00000000fc200000| PB 0x00000000fc200000| Untracked 
|   3|0x00000000fc300000, 0x00000000fc300000, 0x00000000fc400000|  0%| F|  |TAMS 0x00000000fc300000| PB 0x00000000fc300000| Untracked 
|   4|0x00000000fc400000, 0x00000000fc400000, 0x00000000fc500000|  0%| F|  |TAMS 0x00000000fc400000| PB 0x00000000fc400000| Untracked 
|   5|0x00000000fc500000, 0x00000000fc500000, 0x00000000fc600000|  0%| F|  |TAMS 0x00000000fc500000| PB 0x00000000fc500000| Untracked 
|   6|0x00000000fc600000, 0x00000000fc600000, 0x00000000fc700000|  0%| F|  |TAMS 0x00000000fc600000| PB 0x00000000fc600000| Untracked 
|   7|0x00000000fc700000, 0x00000000fc700000, 0x00000000fc800000|  0%| F|  |TAMS 0x00000000fc700000| PB 0x00000000fc700000| Untracked 
|   8|0x00000000fc800000, 0x00000000fc800000, 0x00000000fc900000|  0%| F|  |TAMS 0x00000000fc800000| PB 0x00000000fc800000| Untracked 
|   9|0x00000000fc900000, 0x00000000fc900000, 0x00000000fca00000|  0%| F|  |TAMS 0x00000000fc900000| PB 0x00000000fc900000| Untracked 
|  10|0x00000000fca00000, 0x00000000fca00000, 0x00000000fcb00000|  0%| F|  |TAMS 0x00000000fca00000| PB 0x00000000fca00000| Untracked 
|  11|0x00000000fcb00000, 0x00000000fcb00000, 0x00000000fcc00000|  0%| F|  |TAMS 0x00000000fcb00000| PB 0x00000000fcb00000| Untracked 
|  12|0x00000000fcc00000, 0x00000000fcc00000, 0x00000000fcd00000|  0%| F|  |TAMS 0x00000000fcc00000| PB 0x00000000fcc00000| Untracked 
|  13|0x00000000fcd00000, 0x00000000fcd00000, 0x00000000fce00000|  0%| F|  |TAMS 0x00000000fcd00000| PB 0x00000000fcd00000| Untracked 
|  14|0x00000000fce00000, 0x00000000fce00000, 0x00000000fcf00000|  0%| F|  |TAMS 0x00000000fce00000| PB 0x00000000fce00000| Untracked 
|  15|0x00000000fcf00000, 0x00000000fcf00000, 0x00000000fd000000|  0%| F|  |TAMS 0x00000000fcf00000| PB 0x00000000fcf00000| Untracked 
|  16|0x00000000fd000000, 0x00000000fd000000, 0x00000000fd100000|  0%| F|  |TAMS 0x00000000fd000000| PB 0x00000000fd000000| Untracked 
|  17|0x00000000fd100000, 0x00000000fd100000, 0x00000000fd200000|  0%| F|  |TAMS 0x00000000fd100000| PB 0x00000000fd100000| Untracked 
|  18|0x00000000fd200000, 0x00000000fd200000, 0x00000000fd300000|  0%| F|  |TAMS 0x00000000fd200000| PB 0x00000000fd200000| Untracked 
|  19|0x00000000fd300000, 0x00000000fd300000, 0x00000000fd400000|  0%| F|  |TAMS 0x00000000fd300000| PB 0x00000000fd300000| Untracked 
|  20|0x00000000fd400000, 0x00000000fd400000, 0x00000000fd500000|  0%| F|  |TAMS 0x00000000fd400000| PB 0x00000000fd400000| Untracked 
|  21|0x00000000fd500000, 0x00000000fd500000, 0x00000000fd600000|  0%| F|  |TAMS 0x00000000fd500000| PB 0x00000000fd500000| Untracked 
|  22|0x00000000fd600000, 0x00000000fd600000, 0x00000000fd700000|  0%| F|  |TAMS 0x00000000fd600000| PB 0x00000000fd600000| Untracked 
|  23|0x00000000fd700000, 0x00000000fd700000, 0x00000000fd800000|  0%| F|  |TAMS 0x00000000fd700000| PB 0x00000000fd700000| Untracked 
|  24|0x00000000fd800000, 0x00000000fd800000, 0x00000000fd900000|  0%| F|  |TAMS 0x00000000fd800000| PB 0x00000000fd800000| Untracked 
|  25|0x00000000fd900000, 0x00000000fd900000, 0x00000000fda00000|  0%| F|  |TAMS 0x00000000fd900000| PB 0x00000000fd900000| Untracked 
|  26|0x00000000fda00000, 0x00000000fda00000, 0x00000000fdb00000|  0%| F|  |TAMS 0x00000000fda00000| PB 0x00000000fda00000| Untracked 
|  27|0x00000000fdb00000, 0x00000000fdb00000, 0x00000000fdc00000|  0%| F|  |TAMS 0x00000000fdb00000| PB 0x00000000fdb00000| Untracked 
|  28|0x00000000fdc00000, 0x00000000fdc00000, 0x00000000fdd00000|  0%| F|  |TAMS 0x00000000fdc00000| PB 0x00000000fdc00000| Untracked 
|  29|0x00000000fdd00000, 0x00000000fdd00000, 0x00000000fde00000|  0%| F|  |TAMS 0x00000000fdd00000| PB 0x00000000fdd00000| Untracked 
|  30|0x00000000fde00000, 0x00000000fde00000, 0x00000000fdf00000|  0%| F|  |TAMS 0x00000000fde00000| PB 0x00000000fde00000| Untracked 
|  31|0x00000000fdf00000, 0x00000000fdf00000, 0x00000000fe000000|  0%| F|  |TAMS 0x00000000fdf00000| PB 0x00000000fdf00000| Untracked 
|  32|0x00000000fe000000, 0x00000000fe000000, 0x00000000fe100000|  0%| F|  |TAMS 0x00000000fe000000| PB 0x00000000fe000000| Untracked 
|  33|0x00000000fe100000, 0x00000000fe100000, 0x00000000fe200000|  0%| F|  |TAMS 0x00000000fe100000| PB 0x00000000fe100000| Untracked 
|  34|0x00000000fe200000, 0x00000000fe200000, 0x00000000fe300000|  0%| F|  |TAMS 0x00000000fe200000| PB 0x00000000fe200000| Untracked 
|  35|0x00000000fe300000, 0x00000000fe300000, 0x00000000fe400000|  0%| F|  |TAMS 0x00000000fe300000| PB 0x00000000fe300000| Untracked 
|  36|0x00000000fe400000, 0x00000000fe400000, 0x00000000fe500000|  0%| F|  |TAMS 0x00000000fe400000| PB 0x00000000fe400000| Untracked 
|  37|0x00000000fe500000, 0x00000000fe500000, 0x00000000fe600000|  0%| F|  |TAMS 0x00000000fe500000| PB 0x00000000fe500000| Untracked 
|  38|0x00000000fe600000, 0x00000000fe700000, 0x00000000fe700000|100%| S|CS|TAMS 0x00000000fe600000| PB 0x00000000fe600000| Complete 
|  39|0x00000000fe700000, 0x00000000fe800000, 0x00000000fe800000|100%| S|CS|TAMS 0x00000000fe700000| PB 0x00000000fe700000| Complete 
|  40|0x00000000fe800000, 0x00000000fe900000, 0x00000000fe900000|100%| S|CS|TAMS 0x00000000fe800000| PB 0x00000000fe800000| Complete 
|  41|0x00000000fe900000, 0x00000000fe900000, 0x00000000fea00000|  0%| F|  |TAMS 0x00000000fe900000| PB 0x00000000fe900000| Untracked 
|  42|0x00000000fea00000, 0x00000000fea00000, 0x00000000feb00000|  0%| F|  |TAMS 0x00000000fea00000| PB 0x00000000fea00000| Untracked 
|  43|0x00000000feb00000, 0x00000000feb00000, 0x00000000fec00000|  0%| F|  |TAMS 0x00000000feb00000| PB 0x00000000feb00000| Untracked 
|  44|0x00000000fec00000, 0x00000000fec00000, 0x00000000fed00000|  0%| F|  |TAMS 0x00000000fec00000| PB 0x00000000fec00000| Untracked 
|  45|0x00000000fed00000, 0x00000000fed00000, 0x00000000fee00000|  0%| F|  |TAMS 0x00000000fed00000| PB 0x00000000fed00000| Untracked 
|  46|0x00000000fee00000, 0x00000000fee00000, 0x00000000fef00000|  0%| F|  |TAMS 0x00000000fee00000| PB 0x00000000fee00000| Untracked 
|  47|0x00000000fef00000, 0x00000000fef1caf8, 0x00000000ff000000| 11%| E|  |TAMS 0x00000000fef00000| PB 0x00000000fef00000| Complete 
|  48|0x00000000ff000000, 0x00000000ff100000, 0x00000000ff100000|100%| E|CS|TAMS 0x00000000ff000000| PB 0x00000000ff000000| Complete 
|  49|0x00000000ff100000, 0x00000000ff200000, 0x00000000ff200000|100%| E|CS|TAMS 0x00000000ff100000| PB 0x00000000ff100000| Complete 
|  50|0x00000000ff200000, 0x00000000ff300000, 0x00000000ff300000|100%| E|CS|TAMS 0x00000000ff200000| PB 0x00000000ff200000| Complete 
|  51|0x00000000ff300000, 0x00000000ff400000, 0x00000000ff400000|100%| E|CS|TAMS 0x00000000ff300000| PB 0x00000000ff300000| Complete 
|  52|0x00000000ff400000, 0x00000000ff500000, 0x00000000ff500000|100%| E|CS|TAMS 0x00000000ff400000| PB 0x00000000ff400000| Complete 
|  53|0x00000000ff500000, 0x00000000ff600000, 0x00000000ff600000|100%| E|CS|TAMS 0x00000000ff500000| PB 0x00000000ff500000| Complete 
|  54|0x00000000ff600000, 0x00000000ff700000, 0x00000000ff700000|100%| E|CS|TAMS 0x00000000ff600000| PB 0x00000000ff600000| Complete 
|  55|0x00000000ff700000, 0x00000000ff800000, 0x00000000ff800000|100%| E|CS|TAMS 0x00000000ff700000| PB 0x00000000ff700000| Complete 
|  56|0x00000000ff800000, 0x00000000ff900000, 0x00000000ff900000|100%| E|CS|TAMS 0x00000000ff800000| PB 0x00000000ff800000| Complete 
|  57|0x00000000ff900000, 0x00000000ffa00000, 0x00000000ffa00000|100%| E|CS|TAMS 0x00000000ff900000| PB 0x00000000ff900000| Complete 
|  58|0x00000000ffa00000, 0x00000000ffb00000, 0x00000000ffb00000|100%| E|  |TAMS 0x00000000ffa00000| PB 0x00000000ffa00000| Complete 
|  59|0x00000000ffb00000, 0x00000000ffc00000, 0x00000000ffc00000|100%| E|CS|TAMS 0x00000000ffb00000| PB 0x00000000ffb00000| Complete 
|  60|0x00000000ffc00000, 0x00000000ffd00000, 0x00000000ffd00000|100%| E|CS|TAMS 0x00000000ffc00000| PB 0x00000000ffc00000| Complete 
|  61|0x00000000ffd00000, 0x00000000ffe00000, 0x00000000ffe00000|100%| E|CS|TAMS 0x00000000ffd00000| PB 0x00000000ffd00000| Complete 
|  62|0x00000000ffe00000, 0x00000000fff00000, 0x00000000fff00000|100%| E|CS|TAMS 0x00000000ffe00000| PB 0x00000000ffe00000| Complete 
|  63|0x00000000fff00000, 0x0000000100000000, 0x0000000100000000|100%| E|CS|TAMS 0x00000000fff00000| PB 0x00000000fff00000| Complete 

Card table byte_map: [0x000001a5e8510000,0x000001a5e8530000] _byte_map_base: 0x000001a5e7d30000

Marking Bits: (CMBitMap*) 0x000001a5ea34a280
 Bits: [0x000001a5f2b00000, 0x000001a5f2c00000)

Polling page: 0x000001a5e84c0000

Metaspace:

Usage:
  Non-class:     10.15 MB used.
      Class:      1.31 MB used.
       Both:     11.46 MB used.

Virtual space:
  Non-class space:       64.00 MB reserved,      10.31 MB ( 16%) committed,  1 nodes.
      Class space:        1.00 GB reserved,       1.44 MB ( <1%) committed,  1 nodes.
             Both:        1.06 GB reserved,      11.75 MB (  1%) committed. 

Chunk freelists:
   Non-Class:  5.33 MB
       Class:  14.47 MB
        Both:  19.79 MB

MaxMetaspaceSize: unlimited
CompressedClassSpaceSize: 1.00 GB
Initial GC threshold: 21.00 MB
Current GC threshold: 21.00 MB
CDS: on
 - commit_granule_bytes: 65536.
 - commit_granule_words: 8192.
 - virtual_space_node_default_size: 8388608.
 - enlarge_chunks_in_place: 1.
 - use_allocation_guard: 0.


Internal statistics:

num_allocs_failed_limit: 0.
num_arena_births: 242.
num_arena_deaths: 0.
num_vsnodes_births: 2.
num_vsnodes_deaths: 0.
num_space_committed: 188.
num_space_uncommitted: 0.
num_chunks_returned_to_freelist: 0.
num_chunks_taken_from_freelist: 612.
num_chunk_merges: 0.
num_chunk_splits: 417.
num_chunks_enlarged: 289.
num_inconsistent_stats: 0.

CodeHeap 'non-profiled nmethods': size=120000Kb used=879Kb max_used=879Kb free=119120Kb
 bounds [0x000001a587ad0000, 0x000001a587d40000, 0x000001a58f000000]
CodeHeap 'profiled nmethods': size=120000Kb used=4804Kb max_used=4804Kb free=115195Kb
 bounds [0x000001a580000000, 0x000001a5804c0000, 0x000001a587530000]
CodeHeap 'non-nmethods': size=5760Kb used=1454Kb max_used=1508Kb free=4305Kb
 bounds [0x000001a587530000, 0x000001a5877a0000, 0x000001a587ad0000]
 total_blobs=2774 nmethods=2239 adapters=439
 compilation: enabled
              stopped_count=0, restarted_count=0
 full_count=0

Compilation events (20 events):
Event: 113.035 Thread 0x000001a5f55bed30 2234       3       sun.nio.fs.WindowsFileAttributes::isReparsePoint (14 bytes)
Event: 113.035 Thread 0x000001a5f55bed30 nmethod 2234 0x000001a5804ae490 code [0x000001a5804ae620, 0x000001a5804ae768]
Event: 113.035 Thread 0x000001a5f55bed30 2235       3       sun.nio.fs.WindowsFileAttributes::<init> (57 bytes)
Event: 113.035 Thread 0x000001a5f55bed30 nmethod 2235 0x000001a5804ae810 code [0x000001a5804ae9c0, 0x000001a5804aeb60]
Event: 113.035 Thread 0x000001a5f55bed30 2237       3       org.apache.xerces.impl.xs.XSElementDecl::hashCode (30 bytes)
Event: 113.036 Thread 0x000001a5f55bed30 nmethod 2237 0x000001a5804aec90 code [0x000001a5804aee40, 0x000001a5804af008]
Event: 113.036 Thread 0x000001a5f55bed30 2236       1       org.apache.xerces.impl.xs.util.XSObjectListImpl::access$000 (5 bytes)
Event: 113.036 Thread 0x000001a5f55bed30 nmethod 2236 0x000001a587ba1a10 code [0x000001a587ba1ba0, 0x000001a587ba1c50]
Event: 113.047 Thread 0x000001a5f55bed30 2238       3       java.util.Calendar::internalSet (8 bytes)
Event: 113.047 Thread 0x000001a5f55bed30 nmethod 2238 0x000001a5804af110 code [0x000001a5804af2c0, 0x000001a5804af3f8]
Event: 113.048 Thread 0x000001a5f55bed30 2239       3       java.util.Locale::equals (75 bytes)
Event: 113.048 Thread 0x000001a5f55bed30 nmethod 2239 0x000001a5804af510 code [0x000001a5804af720, 0x000001a5804afe80]
Event: 113.048 Thread 0x000001a5f55b5440 2242       4       jdk.internal.util.Preconditions::checkFromToIndex (24 bytes)
Event: 113.048 Thread 0x000001a5f55bed30 2240       3       java.util.regex.Matcher::reset (128 bytes)
Event: 113.049 Thread 0x000001a5f55bed30 nmethod 2240 0x000001a5804b0010 code [0x000001a5804b0200, 0x000001a5804b07b0]
Event: 113.049 Thread 0x000001a5f55bed30 2241       3       java.util.regex.Pattern$Branch::match (66 bytes)
Event: 113.049 Thread 0x000001a5f55b5440 nmethod 2242 0x000001a587ba1d10 code [0x000001a587ba1ea0, 0x000001a587ba1f90]
Event: 113.050 Thread 0x000001a5f55bed30 nmethod 2241 0x000001a5804b0a10 code [0x000001a5804b0c00, 0x000001a5804b10d8]
Event: 113.348 Thread 0x000001a5f564c5c0 nmethod 2224 0x000001a587ba2090 code [0x000001a587ba26e0, 0x000001a587ba86c8]
Event: 127.335 Thread 0x000001a5f55b5440 2243       4       java.util.HashMap::putVal (300 bytes)

GC Heap History (2 events):
Event: 5.682 GC heap before
{Heap before GC invocations=0 (full 0):
 garbage-first heap   total 65536K, used 24576K [0x00000000fc000000, 0x0000000100000000)
  region size 1024K, 23 young (23552K), 0 survivors (0K)
 Metaspace       used 7910K, committed 8128K, reserved 1114112K
  class space    used 921K, committed 1024K, reserved 1048576K
}
Event: 5.696 GC heap after
{Heap after GC invocations=1 (full 0):
 garbage-first heap   total 65536K, used 5333K [0x00000000fc000000, 0x0000000100000000)
  region size 1024K, 3 young (3072K), 3 survivors (3072K)
 Metaspace       used 7910K, committed 8128K, reserved 1114112K
  class space    used 921K, committed 1024K, reserved 1048576K
}

Dll operation events (6 events):
Event: 0.046 Loaded shared library C:\jdk-21.0.8_windows-x64_bin\jdk-21.0.8\bin\java.dll
Event: 0.183 Loaded shared library C:\jdk-21.0.8_windows-x64_bin\jdk-21.0.8\bin\jsvml.dll
Event: 0.233 Loaded shared library C:\jdk-21.0.8_windows-x64_bin\jdk-21.0.8\bin\net.dll
Event: 0.238 Loaded shared library C:\jdk-21.0.8_windows-x64_bin\jdk-21.0.8\bin\nio.dll
Event: 0.262 Loaded shared library C:\jdk-21.0.8_windows-x64_bin\jdk-21.0.8\bin\zip.dll
Event: 0.380 Loaded shared library C:\jdk-21.0.8_windows-x64_bin\jdk-21.0.8\bin\jimage.dll

Deoptimization events (20 events):
Event: 112.973 Thread 0x000001a5fac5a140 Uncommon trap: trap_request=0xffffffc6 fr.pc=0x000001a587b2c714 relative=0x00000000000008d4
Event: 112.973 Thread 0x000001a5fac5a140 Uncommon trap: reason=bimorphic_or_optimized_type_check action=maybe_recompile pc=0x000001a587b2c714 method=java.util.HashMap.putVal(ILjava/lang/Object;Ljava/lang/Object;ZZ)Ljava/lang/Object; @ 91 c2
Event: 112.973 Thread 0x000001a5fac5a140 DEOPT PACKING pc=0x000001a587b2c714 sp=0x0000003c3b4fe8c0
Event: 112.973 Thread 0x000001a5fac5a140 DEOPT UNPACKING pc=0x000001a5875846a2 sp=0x0000003c3b4fe7e8 mode 2
Event: 112.973 Thread 0x000001a5fac5a140 Uncommon trap: trap_request=0xffffffc6 fr.pc=0x000001a587b2c714 relative=0x00000000000008d4
Event: 112.973 Thread 0x000001a5fac5a140 Uncommon trap: reason=bimorphic_or_optimized_type_check action=maybe_recompile pc=0x000001a587b2c714 method=java.util.HashMap.putVal(ILjava/lang/Object;Ljava/lang/Object;ZZ)Ljava/lang/Object; @ 91 c2
Event: 112.973 Thread 0x000001a5fac5a140 DEOPT PACKING pc=0x000001a587b2c714 sp=0x0000003c3b4fe8c0
Event: 112.973 Thread 0x000001a5fac5a140 DEOPT UNPACKING pc=0x000001a5875846a2 sp=0x0000003c3b4fe7e8 mode 2
Event: 112.973 Thread 0x000001a5fac5a140 Uncommon trap: trap_request=0xffffffc6 fr.pc=0x000001a587b2c714 relative=0x00000000000008d4
Event: 112.973 Thread 0x000001a5fac5a140 Uncommon trap: reason=bimorphic_or_optimized_type_check action=maybe_recompile pc=0x000001a587b2c714 method=java.util.HashMap.putVal(ILjava/lang/Object;Ljava/lang/Object;ZZ)Ljava/lang/Object; @ 91 c2
Event: 112.973 Thread 0x000001a5fac5a140 DEOPT PACKING pc=0x000001a587b2c714 sp=0x0000003c3b4fe8c0
Event: 112.973 Thread 0x000001a5fac5a140 DEOPT UNPACKING pc=0x000001a5875846a2 sp=0x0000003c3b4fe7e8 mode 2
Event: 113.035 Thread 0x000001a5fa7c3010 Uncommon trap: trap_request=0xffffffc6 fr.pc=0x000001a587b2c714 relative=0x00000000000008d4
Event: 113.035 Thread 0x000001a5fa7c3010 Uncommon trap: reason=bimorphic_or_optimized_type_check action=maybe_recompile pc=0x000001a587b2c714 method=java.util.HashMap.putVal(ILjava/lang/Object;Ljava/lang/Object;ZZ)Ljava/lang/Object; @ 91 c2
Event: 113.035 Thread 0x000001a5fa7c3010 DEOPT PACKING pc=0x000001a587b2c714 sp=0x0000003c3bffe730
Event: 113.035 Thread 0x000001a5fa7c3010 DEOPT UNPACKING pc=0x000001a5875846a2 sp=0x0000003c3bffe658 mode 2
Event: 113.035 Thread 0x000001a5fa7c3010 Uncommon trap: trap_request=0xffffffc6 fr.pc=0x000001a587b244e8 relative=0x00000000000008a8
Event: 113.035 Thread 0x000001a5fa7c3010 Uncommon trap: reason=bimorphic_or_optimized_type_check action=maybe_recompile pc=0x000001a587b244e8 method=java.util.HashMap.putVal(ILjava/lang/Object;Ljava/lang/Object;ZZ)Ljava/lang/Object; @ 91 c2
Event: 113.035 Thread 0x000001a5fa7c3010 DEOPT PACKING pc=0x000001a587b244e8 sp=0x0000003c3bffe6a0
Event: 113.035 Thread 0x000001a5fa7c3010 DEOPT UNPACKING pc=0x000001a5875846a2 sp=0x0000003c3bffe650 mode 2

Classes loaded (20 events):
Event: 6.074 Loading class java/nio/channels/SocketChannel done
Event: 6.074 Loading class sun/nio/ch/SocketChannelImpl done
Event: 6.074 Loading class sun/nio/ch/ChannelInputStream
Event: 6.074 Loading class sun/nio/ch/ChannelInputStream done
Event: 6.075 Loading class sun/nio/ch/Util
Event: 6.075 Loading class sun/nio/ch/Util done
Event: 6.075 Loading class sun/nio/ch/Util$1
Event: 6.075 Loading class sun/nio/ch/Util$1 done
Event: 6.076 Loading class sun/nio/ch/Util$BufferCache
Event: 6.076 Loading class sun/nio/ch/Util$BufferCache done
Event: 6.076 Loading class java/nio/DirectByteBuffer$Deallocator
Event: 6.076 Loading class java/nio/DirectByteBuffer$Deallocator done
Event: 6.077 Loading class sun/nio/ch/IOStatus
Event: 6.077 Loading class sun/nio/ch/IOStatus done
Event: 15.399 Loading class java/util/concurrent/CompletionException
Event: 15.400 Loading class java/util/concurrent/CompletionException done
Event: 112.835 Loading class org/w3c/dom/DOMLocator
Event: 112.835 Loading class org/w3c/dom/DOMLocator done
Event: 112.837 Loading class java/net/HttpURLConnection
Event: 112.837 Loading class java/net/HttpURLConnection done

Classes unloaded (0 events):
No events

Classes redefined (0 events):
No events

Internal exceptions (20 events):
Event: 1.565 Thread 0x000001a5f5b1edb0 Exception <a 'java/lang/ClassNotFoundException'{0x00000000fef03ad0}: sun/util/logging/resources/spi/loggingProvider> (0x00000000fef03ad0) 
thrown [s\open\src\hotspot\share\classfile\systemDictionary.cpp, line 312]
Event: 5.207 Thread 0x000001a5f5b1edb0 Exception <a 'java/lang/NoSuchMethodError'{0x00000000fee8adb0}: 'void java.lang.invoke.DirectMethodHandle$Holder.invokeInterface(java.lang.Object, java.lang.Object, java.lang.Object)'> (0x00000000fee8adb0) 
thrown [s\open\src\hotspot\share\interpreter\linkResolver.cpp, line 773]
Event: 5.208 Thread 0x000001a5f5b1edb0 Exception <a 'java/lang/IncompatibleClassChangeError'{0x00000000fee8dea0}: Found class java.lang.Object, but interface was expected> (0x00000000fee8dea0) 
thrown [s\open\src\hotspot\share\interpreter\linkResolver.cpp, line 840]
Event: 5.283 Thread 0x000001a5f5b1edb0 Exception <a 'java/lang/NoSuchMethodError'{0x00000000feedc508}: 'java.lang.Object java.lang.invoke.DirectMethodHandle$Holder.invokeStaticInit(java.lang.Object, int, int, int, int)'> (0x00000000feedc508) 
thrown [s\open\src\hotspot\share\interpreter\linkResolver.cpp, line 773]
Event: 5.339 Thread 0x000001a5f5b1edb0 Exception <a 'java/lang/NoSuchMethodError'{0x00000000fed19e30}: 'java.lang.Object java.lang.invoke.DirectMethodHandle$Holder.invokeStaticInit(java.lang.Object, java.lang.Object, int, int, int, int)'> (0x00000000fed19e30) 
thrown [s\open\src\hotspot\share\interpreter\linkResolver.cpp, line 773]
Event: 5.432 Thread 0x000001a5fa2300d0 Exception <a 'java/lang/NoSuchMethodError'{0x00000000fec32900}: 'int java.lang.invoke.DirectMethodHandle$Holder.invokeStaticInit(java.lang.Object, java.lang.Object)'> (0x00000000fec32900) 
thrown [s\open\src\hotspot\share\interpreter\linkResolver.cpp, line 773]
Event: 5.472 Thread 0x000001a5fa2300d0 Exception <a 'java/lang/NoSuchMethodError'{0x00000000feca2f00}: 'java.lang.Object java.lang.invoke.DirectMethodHandle$Holder.invokeSpecial(java.lang.Object, java.lang.Object, int, long)'> (0x00000000feca2f00) 
thrown [s\open\src\hotspot\share\interpreter\linkResolver.cpp, line 773]
Event: 5.589 Thread 0x000001a5f5b1edb0 Exception <a 'sun/nio/fs/WindowsException'{0x00000000fea82e08}> (0x00000000fea82e08) 
thrown [s\open\src\hotspot\share\prims\jni.cpp, line 520]
Event: 5.652 Thread 0x000001a5fa2300d0 Implicit null exception at 0x000001a587b28f40 to 0x000001a587b291c4
Event: 5.741 Thread 0x000001a5fa2300d0 Implicit null exception at 0x000001a587b1a8c0 to 0x000001a587b1ab40
Event: 6.049 Thread 0x000001a5f5b1edb0 Exception <a 'java/lang/IncompatibleClassChangeError'{0x00000000ffe34f60}: Found class java.lang.Object, but interface was expected> (0x00000000ffe34f60) 
thrown [s\open\src\hotspot\share\interpreter\linkResolver.cpp, line 840]
Event: 7.278 Thread 0x000001a5f5b1edb0 Exception <a 'java/lang/IncompatibleClassChangeError'{0x00000000ff6514a0}: Found class java.lang.Object, but interface was expected> (0x00000000ff6514a0) 
thrown [s\open\src\hotspot\share\interpreter\linkResolver.cpp, line 840]
Event: 9.742 Thread 0x000001a5f5b1edb0 Exception <a 'java/lang/IncompatibleClassChangeError'{0x00000000ff65d7f8}: Found class java.lang.Object, but interface was expected> (0x00000000ff65d7f8) 
thrown [s\open\src\hotspot\share\interpreter\linkResolver.cpp, line 840]
Event: 11.266 Thread 0x000001a5f5b1edb0 Exception <a 'java/lang/IncompatibleClassChangeError'{0x00000000ff6695f8}: Found class java.lang.Object, but interface was expected> (0x00000000ff6695f8) 
thrown [s\open\src\hotspot\share\interpreter\linkResolver.cpp, line 840]
Event: 14.317 Thread 0x000001a5f5b1edb0 Exception <a 'java/lang/IncompatibleClassChangeError'{0x00000000ff67e9a8}: Found class java.lang.Object, but interface was expected> (0x00000000ff67e9a8) 
thrown [s\open\src\hotspot\share\interpreter\linkResolver.cpp, line 840]
Event: 14.320 Thread 0x000001a5fa2300d0 Exception <a 'java/lang/NoSuchMethodError'{0x00000000ff6aeac8}: 'java.lang.Object java.lang.invoke.DirectMethodHandle$Holder.invokeStatic(java.lang.Object, int, java.lang.Object)'> (0x00000000ff6aeac8) 
thrown [s\open\src\hotspot\share\interpreter\linkResolver.cpp, line 773]
Event: 15.147 Thread 0x000001a5f5b1edb0 Exception <a 'java/lang/IncompatibleClassChangeError'{0x00000000ff6ec348}: Found class java.lang.Object, but interface was expected> (0x00000000ff6ec348) 
thrown [s\open\src\hotspot\share\interpreter\linkResolver.cpp, line 840]
Event: 112.827 Thread 0x000001a5f5b1edb0 Exception <a 'java/lang/IncompatibleClassChangeError'{0x00000000ff3a04f0}: Found class java.lang.Object, but interface was expected> (0x00000000ff3a04f0) 
thrown [s\open\src\hotspot\share\interpreter\linkResolver.cpp, line 840]
Event: 112.977 Thread 0x000001a5fac5a140 Exception <a 'java/lang/NoSuchMethodError'{0x00000000ff0bb878}: 'java.lang.Object java.lang.invoke.DirectMethodHandle$Holder.newInvokeSpecial(java.lang.Object, java.lang.Object, int, java.lang.Object, java.lang.Object)'> (0x00000000ff0bb878) 
thrown [s\open\src\hotspot\share\interpreter\linkResolver.cpp, line 773]
Event: 127.336 Thread 0x000001a5f5b1edb0 Exception <a 'java/lang/IncompatibleClassChangeError'{0x00000000ff3b1fd8}: Found class java.lang.Object, but interface was expected> (0x00000000ff3b1fd8) 
thrown [s\open\src\hotspot\share\interpreter\linkResolver.cpp, line 840]

ZGC Phase Switch (0 events):
No events

VM Operations (20 events):
Event: 24.257 Executing VM operation: Cleanup
Event: 24.258 Executing VM operation: Cleanup done
Event: 32.348 Executing VM operation: Cleanup
Event: 32.348 Executing VM operation: Cleanup done
Event: 60.162 Executing VM operation: HandshakeAllThreads (HandshakeForDeflation)
Event: 60.162 Executing VM operation: HandshakeAllThreads (HandshakeForDeflation) done
Event: 60.163 Executing VM operation: RendezvousGCThreads
Event: 60.163 Executing VM operation: RendezvousGCThreads done
Event: 61.170 Executing VM operation: Cleanup
Event: 61.170 Executing VM operation: Cleanup done
Event: 62.173 Executing VM operation: Cleanup
Event: 62.173 Executing VM operation: Cleanup done
Event: 91.372 Executing VM operation: Cleanup
Event: 91.372 Executing VM operation: Cleanup done
Event: 113.534 Executing VM operation: Cleanup
Event: 113.534 Executing VM operation: Cleanup done
Event: 120.412 Executing VM operation: HandshakeAllThreads (HandshakeForDeflation)
Event: 120.412 Executing VM operation: HandshakeAllThreads (HandshakeForDeflation) done
Event: 120.412 Executing VM operation: RendezvousGCThreads
Event: 120.412 Executing VM operation: RendezvousGCThreads done

Events (20 events):
Event: 5.400 Thread 0x000001a5fa22f250 Thread added: 0x000001a5fa22f250
Event: 5.416 Thread 0x000001a5fa2300d0 Thread added: 0x000001a5fa2300d0
Event: 5.457 Thread 0x000001a5fa02f060 Thread added: 0x000001a5fa02f060
Event: 5.889 Thread 0x000001a5fa02f060 Thread exited: 0x000001a5fa02f060
Event: 6.053 Thread 0x000001a5fac5a140 Thread added: 0x000001a5fac5a140
Event: 6.059 Thread 0x000001a5fac97f20 Thread added: 0x000001a5fac97f20
Event: 6.132 Thread 0x000001a5fad1f8f0 Thread added: 0x000001a5fad1f8f0
Event: 6.133 Thread 0x000001a5fad3e8f0 Thread added: 0x000001a5fad3e8f0
Event: 6.695 Thread 0x000001a5fad3e8f0 Thread exited: 0x000001a5fad3e8f0
Event: 10.636 Thread 0x000001a5fad1f8f0 Thread exited: 0x000001a5fad1f8f0
Event: 15.399 Thread 0x000001a5fae9d820 Thread added: 0x000001a5fae9d820
Event: 15.399 Thread 0x000001a5f564d5b0 Thread added: 0x000001a5f564d5b0
Event: 15.411 Thread 0x000001a5fa7c3010 Thread added: 0x000001a5fa7c3010
Event: 15.447 Thread 0x000001a5fb184800 Thread added: 0x000001a5fb184800
Event: 20.752 Thread 0x000001a5fb184800 Thread exited: 0x000001a5fb184800
Event: 24.013 Thread 0x000001a5f564d5b0 Thread exited: 0x000001a5f564d5b0
Event: 112.843 Thread 0x000001a5f564c5c0 Thread added: 0x000001a5f564c5c0
Event: 112.846 Thread 0x000001a5faa654b0 Thread added: 0x000001a5faa654b0
Event: 118.056 Thread 0x000001a5faa654b0 Thread exited: 0x000001a5faa654b0
Event: 123.068 Thread 0x000001a5f564c5c0 Thread exited: 0x000001a5f564c5c0


Dynamic libraries:
0x00007ff7bf060000 - 0x00007ff7bf070000 	C:\jdk-21.0.8_windows-x64_bin\jdk-21.0.8\bin\java.exe
0x00007ffb5a8e0000 - 0x00007ffb5ab47000 	C:\WINDOWS\SYSTEM32\ntdll.dll
0x00007ffb221e0000 - 0x00007ffb22200000 	C:\Program Files\Avast Software\Avast\aswhook.dll
0x00007ffb59b20000 - 0x00007ffb59be9000 	C:\WINDOWS\System32\KERNEL32.DLL
0x00007ffb57d90000 - 0x00007ffb58181000 	C:\WINDOWS\System32\KERNELBASE.dll
0x00007ffb58240000 - 0x00007ffb5838b000 	C:\WINDOWS\System32\ucrtbase.dll
0x00007ffb2c0d0000 - 0x00007ffb2c0e9000 	C:\jdk-21.0.8_windows-x64_bin\jdk-21.0.8\bin\jli.dll
0x00007ffb33130000 - 0x00007ffb3314b000 	C:\jdk-21.0.8_windows-x64_bin\jdk-21.0.8\bin\VCRUNTIME140.dll
0x00007ffb59d00000 - 0x00007ffb59dbb000 	C:\WINDOWS\System32\ADVAPI32.dll
0x00007ffb59360000 - 0x00007ffb59409000 	C:\WINDOWS\System32\msvcrt.dll
0x00007ffb589c0000 - 0x00007ffb58a67000 	C:\WINDOWS\System32\sechost.dll
0x00007ffb59a00000 - 0x00007ffb59b18000 	C:\WINDOWS\System32\RPCRT4.dll
0x00007ffb58ff0000 - 0x00007ffb591b5000 	C:\WINDOWS\System32\USER32.dll
0x00007ffb57280000 - 0x00007ffb572a7000 	C:\WINDOWS\System32\win32u.dll
0x00007ffb59510000 - 0x00007ffb5953b000 	C:\WINDOWS\System32\GDI32.dll
0x00007ffb57c60000 - 0x00007ffb57d8a000 	C:\WINDOWS\System32\gdi32full.dll
0x00007ffb58190000 - 0x00007ffb58233000 	C:\WINDOWS\System32\msvcp_win.dll
0x00007ffb368e0000 - 0x00007ffb36b73000 	C:\WINDOWS\WinSxS\amd64_microsoft.windows.common-controls_6595b64144ccf1df_6.0.26100.7922_none_3e089e1ee3342171\COMCTL32.dll
0x00007ffb4dbe0000 - 0x00007ffb4dbeb000 	C:\WINDOWS\SYSTEM32\VERSION.dll
0x00007ffb58f00000 - 0x00007ffb58f31000 	C:\WINDOWS\System32\IMM32.DLL
0x00007ffb4ca70000 - 0x00007ffb4ca7c000 	C:\jdk-21.0.8_windows-x64_bin\jdk-21.0.8\bin\vcruntime140_1.dll
0x00007ffb018f0000 - 0x00007ffb0197e000 	C:\jdk-21.0.8_windows-x64_bin\jdk-21.0.8\bin\msvcp140.dll
0x00007ffacf4b0000 - 0x00007ffad01cd000 	C:\jdk-21.0.8_windows-x64_bin\jdk-21.0.8\bin\server\jvm.dll
0x00007ffb59bf0000 - 0x00007ffb59c64000 	C:\WINDOWS\System32\WS2_32.dll
0x00007ffb57020000 - 0x00007ffb5707e000 	C:\WINDOWS\SYSTEM32\POWRPROF.dll
0x00007ffb368a0000 - 0x00007ffb368d5000 	C:\WINDOWS\SYSTEM32\WINMM.dll
0x00007ffb57000000 - 0x00007ffb57014000 	C:\WINDOWS\SYSTEM32\UMPDC.dll
0x00007ffb55f10000 - 0x00007ffb55f2b000 	C:\WINDOWS\SYSTEM32\kernel.appcore.dll
0x00007ffb47db0000 - 0x00007ffb47dba000 	C:\jdk-21.0.8_windows-x64_bin\jdk-21.0.8\bin\jimage.dll
0x00007ffb54c50000 - 0x00007ffb54e92000 	C:\WINDOWS\SYSTEM32\DBGHELP.DLL
0x00007ffb59600000 - 0x00007ffb59982000 	C:\WINDOWS\System32\combase.dll
0x00007ffb59e00000 - 0x00007ffb59ed7000 	C:\WINDOWS\System32\OLEAUT32.dll
0x00007ffb462d0000 - 0x00007ffb4630b000 	C:\WINDOWS\SYSTEM32\dbgcore.DLL
0x00007ffb572b0000 - 0x00007ffb57355000 	C:\WINDOWS\System32\bcryptPrimitives.dll
0x00007ffb30a30000 - 0x00007ffb30a4f000 	C:\jdk-21.0.8_windows-x64_bin\jdk-21.0.8\bin\java.dll
0x00007ffb59fc0000 - 0x00007ffb5a71f000 	C:\WINDOWS\System32\SHELL32.dll
0x00007ffb58390000 - 0x00007ffb584fa000 	C:\WINDOWS\System32\wintypes.dll
0x00007ffb573f0000 - 0x00007ffb57c54000 	C:\WINDOWS\System32\windows.storage.dll
0x00007ffb59410000 - 0x00007ffb59507000 	C:\WINDOWS\System32\SHCORE.dll
0x00007ffb59990000 - 0x00007ffb599f7000 	C:\WINDOWS\System32\shlwapi.dll
0x00007ffb570e0000 - 0x00007ffb57109000 	C:\WINDOWS\SYSTEM32\profapi.dll
0x00007ffb0de00000 - 0x00007ffb0ded7000 	C:\jdk-21.0.8_windows-x64_bin\jdk-21.0.8\bin\jsvml.dll
0x00007ffb45c80000 - 0x00007ffb45c90000 	C:\jdk-21.0.8_windows-x64_bin\jdk-21.0.8\bin\net.dll
0x00007ffb4d6d0000 - 0x00007ffb4d7f7000 	C:\WINDOWS\SYSTEM32\WINHTTP.dll
0x00007ffb56460000 - 0x00007ffb564cb000 	C:\WINDOWS\system32\mswsock.dll
0x00007ffb2eb30000 - 0x00007ffb2eb46000 	C:\jdk-21.0.8_windows-x64_bin\jdk-21.0.8\bin\nio.dll
0x00007ffb2eaf0000 - 0x00007ffb2eb08000 	C:\jdk-21.0.8_windows-x64_bin\jdk-21.0.8\bin\zip.dll
0x00007ffb56860000 - 0x00007ffb5687b000 	C:\WINDOWS\SYSTEM32\CRYPTSP.dll
0x00007ffb55e70000 - 0x00007ffb55ea9000 	C:\WINDOWS\system32\rsaenh.dll
0x00007ffb56510000 - 0x00007ffb56542000 	C:\WINDOWS\SYSTEM32\USERENV.dll
0x00007ffb570b0000 - 0x00007ffb570da000 	C:\WINDOWS\SYSTEM32\bcrypt.dll
0x00007ffb566c0000 - 0x00007ffb566cc000 	C:\WINDOWS\SYSTEM32\CRYPTBASE.dll
0x00007ffb55930000 - 0x00007ffb55963000 	C:\WINDOWS\SYSTEM32\IPHLPAPI.DLL
0x00007ffb59c70000 - 0x00007ffb59c7a000 	C:\WINDOWS\System32\NSI.dll

dbghelp: loaded successfully - version: 4.0.5 - missing functions: none
symbol engine: initialized successfully - sym options: 0x614 - pdb path: .;C:\jdk-21.0.8_windows-x64_bin\jdk-21.0.8\bin;C:\WINDOWS\SYSTEM32;C:\Program Files\Avast Software\Avast;C:\WINDOWS\WinSxS\amd64_microsoft.windows.common-controls_6595b64144ccf1df_6.0.26100.7922_none_3e089e1ee3342171;C:\jdk-21.0.8_windows-x64_bin\jdk-21.0.8\bin\server

VM Arguments:
jvm_args: -DwatchParentProcess=false -XX:+ExitOnOutOfMemoryError -XX:+HeapDumpOnOutOfMemoryError -XX:HeapDumpPath=c:\Users\Pc\AppData\Roaming\Code\User\globalStorage\redhat.vscode-xml -Xmx64M 
java_command: org.eclipse.lemminx.XMLServerLauncher
java_class_path (initial): c:\Users\Pc\.vscode\extensions\redhat.vscode-xml-0.29.0-win32-x64\server\org.eclipse.lemminx-0.31.0-uber.jar
Launcher Type: SUN_STANDARD

[Global flags]
     intx CICompilerCount                          = 4                                         {product} {ergonomic}
     uint ConcGCThreads                            = 2                                         {product} {ergonomic}
     bool ExitOnOutOfMemoryError                   = true                                      {product} {command line}
     uint G1ConcRefinementThreads                  = 8                                         {product} {ergonomic}
   size_t G1HeapRegionSize                         = 1048576                                   {product} {ergonomic}
    uintx GCDrainStackTargetSize                   = 64                                        {product} {ergonomic}
     bool HeapDumpOnOutOfMemoryError               = true                                   {manageable} {command line}
    ccstr HeapDumpPath                             = c:\Users\Pc\AppData\Roaming\Code\User\globalStorage\redhat.vscode-xml         {manageable} {command line}
   size_t InitialHeapSize                          = 67108864                                  {product} {ergonomic}
   size_t MarkStackSize                            = 4194304                                   {product} {ergonomic}
   size_t MaxHeapSize                              = 67108864                                  {product} {command line}
   size_t MaxNewSize                               = 39845888                                  {product} {ergonomic}
   size_t MinHeapDeltaBytes                        = 1048576                                   {product} {ergonomic}
   size_t MinHeapSize                              = 8388608                                   {product} {ergonomic}
    uintx NonNMethodCodeHeapSize                   = 5839372                                {pd product} {ergonomic}
    uintx NonProfiledCodeHeapSize                  = 122909434                              {pd product} {ergonomic}
    uintx ProfiledCodeHeapSize                     = 122909434                              {pd product} {ergonomic}
    uintx ReservedCodeCacheSize                    = 251658240                              {pd product} {ergonomic}
     bool SegmentedCodeCache                       = true                                      {product} {ergonomic}
   size_t SoftMaxHeapSize                          = 67108864                               {manageable} {ergonomic}
     bool UseCompressedOops                        = true                           {product lp64_product} {ergonomic}
     bool UseG1GC                                  = true                                      {product} {ergonomic}
     bool UseLargePagesIndividualAllocation        = false                                  {pd product} {ergonomic}

Logging:
Log output configuration:
 #0: stdout all=warning uptime,level,tags foldmultilines=false
 #1: stderr all=off uptime,level,tags foldmultilines=false

Environment Variables:
JAVA_HOME=C:\jdk-21.0.8_windows-x64_bin\jdk-21.0.8
PATH=C:\oraclexe\app\oracle\product\11.2.0\server\bin;D:\app\Pc\product\21c\dbhomeXE\bin;C:\Program Files\Common Files\Oracle\Java\javapath;C:\WINDOWS\system32;C:\WINDOWS;C:\WINDOWS\System32\Wbem;C:\WINDOWS\System32\WindowsPowerShell\v1.0\;C:\WINDOWS\System32\OpenSSH\;C:\Program Files\dotnet\;C:\MinGW\bin;C:\Program Files\nodejs\;C:\Program Files\Git\cmd;C:\Program Files\Git\bin;C:\jdk-21.0.8_windows-x64_bin\jdk-21.0.8\bin;D:\ApacheMaven\apache-maven-3.9.11\bin;C:\Program Files\MySQL\MySQL Server 8.0\bin;C:\jdk-21.0.8_windows-x64_bin\jdk-21.0.8\bin;;C:\Program Files\Docker\Docker\resources\bin;C:\Users\Pc\AppData\Local\Programs\Python\Launcher\;C:\Users\Pc\AppData\Local\Microsoft\WindowsApps;C:\Users\Pc\AppData\Roaming\npm;C:\xampp\php;C:\Users\Pc\AppData\Local\Programs\Microsoft VS Code\bin
USERNAME=Pc
OS=Windows_NT
PROCESSOR_IDENTIFIER=Intel64 Family 6 Model 142 Stepping 12, GenuineIntel
TMP=C:\Users\Pc\AppData\Local\Temp
TEMP=C:\Users\Pc\AppData\Local\Temp




Periodic native trim disabled

---------------  S Y S T E M  ---------------

OS:
 Windows 11 , 64 bit Build 26100 (10.0.26100.7920)
OS uptime: 0 days 0:31 hours
Hyper-V role detected

CPU: total 8 (initial active 8) (4 cores per cpu, 2 threads per core) family 6 model 142 stepping 12 microcode 0xfc, cx8, cmov, fxsr, ht, mmx, 3dnowpref, sse, sse2, sse3, ssse3, sse4.1, sse4.2, popcnt, lzcnt, tsc, tscinvbit, avx, avx2, aes, erms, clmul, bmi1, bmi2, adx, fma, vzeroupper, clflush, clflushopt, hv, rdtscp, f16c
Processor Information for processor 0
  Max Mhz: 1896, Current Mhz: 1596, Mhz Limit: 1592
Processor Information for processor 1
  Max Mhz: 1896, Current Mhz: 1596, Mhz Limit: 1592
Processor Information for processor 2
  Max Mhz: 1896, Current Mhz: 1496, Mhz Limit: 1592
Processor Information for processor 3
  Max Mhz: 1896, Current Mhz: 1596, Mhz Limit: 1592
Processor Information for processor 4
  Max Mhz: 1896, Current Mhz: 1596, Mhz Limit: 1592
Processor Information for processor 5
  Max Mhz: 1896, Current Mhz: 1596, Mhz Limit: 1592
Processor Information for processor 6
  Max Mhz: 1896, Current Mhz: 1596, Mhz Limit: 1592
Processor Information for processor 7
  Max Mhz: 1896, Current Mhz: 1596, Mhz Limit: 1592

Memory: 4k page, system-wide physical 16198M (3588M free)
TotalPageFile size 18019M (AvailPageFile size 3M)
current process WorkingSet (physical memory assigned to process): 89M, peak: 106M
current process commit charge ("private bytes"): 164M, peak: 181M

vm_info: Java HotSpot(TM) 64-Bit Server VM (21.0.8+12-LTS-250) for windows-amd64 JRE (21.0.8+12-LTS-250), built on 2025-06-27T08:11:22Z by "mach5one" with MS VC++ 17.6 (VS2022)

END.
